[     -99ms] [LOG] LENCONDA:4 undefined @ webpack://@open-norantec/ui-libraries/./src/demo.tsx?:76
[     -96ms] [LOG] LENCONDA:4 undefined @ webpack://@open-norantec/ui-libraries/./src/demo.tsx?:76
[     -88ms] [LOG] LENCONDA:4 undefined @ webpack://@open-norantec/ui-libraries/./src/demo.tsx?:76
[     -79ms] [LOG] LENCONDA:4 undefined @ webpack://@open-norantec/ui-libraries/./src/demo.tsx?:76
[     -40ms] [LOG] LENCONDA:DEMO:onChange {test1: 123} @ webpack://@open-norantec/ui-libraries/./src/demo.tsx?:84
[     -33ms] [LOG] LENCONDA:DEMO:onChange {test1: 123} @ webpack://@open-norantec/ui-libraries/./src/demo.tsx?:84
[     -28ms] [LOG] LENCONDA:DEMO:onChange {test1: 123} @ webpack://@open-norantec/ui-libraries/./src/demo.tsx?:84
[     464ms] [INFO] [webpack-dev-server] Server started: Hot Module Replacement enabled, Live Reloading enabled, Progress disabled, Overlay enabled. @ webpack://@open-norantec/ui-libraries/./node_modules/webpack-dev-server/client/modules/logger/index.js?:599
[     465ms] [LOG] [HMR] Waiting for update signal from WDS... @ webpack://@open-norantec/ui-libraries/./node_modules/webpack/hot/log.js?:38
[     467ms] [INFO] %cDownload the React DevTools for a better development experience: https://reactjs.org/link/react-devtools font-weight:bold @ webpack://@open-norantec/ui-libraries/./node_modules/react-dom/cjs/react-dom.development.js?:29890
[     487ms] [INFO] [webpack-dev-server] Server started: Hot Module Replacement enabled, Live Reloading enabled, Progress disabled, Overlay enabled. @ webpack://@open-norantec/ui-libraries/./node_modules/webpack-dev-server/client/modules/logger/index.js?:599
[     488ms] [LOG] [HMR] Waiting for update signal from WDS... @ webpack://@open-norantec/ui-libraries/./node_modules/webpack/hot/log.js?:38
[     489ms] [INFO] %cDownload the React DevTools for a better development experience: https://reactjs.org/link/react-devtools font-weight:bold @ webpack://@open-norantec/ui-libraries/./node_modules/react-dom/cjs/react-dom.development.js?:29890
[     556ms] [INFO] [webpack-dev-server] Server started: Hot Module Replacement enabled, Live Reloading enabled, Progress disabled, Overlay enabled. @ webpack://@open-norantec/ui-libraries/./node_modules/webpack-dev-server/client/modules/logger/index.js?:599
[     556ms] [LOG] [HMR] Waiting for update signal from WDS... @ webpack://@open-norantec/ui-libraries/./node_modules/webpack/hot/log.js?:38
[     558ms] [INFO] %cDownload the React DevTools for a better development experience: https://reactjs.org/link/react-devtools font-weight:bold @ webpack://@open-norantec/ui-libraries/./node_modules/react-dom/cjs/react-dom.development.js?:29890
[     575ms] [INFO] [webpack-dev-server] Server started: Hot Module Replacement enabled, Live Reloading enabled, Progress disabled, Overlay enabled. @ webpack://@open-norantec/ui-libraries/./node_modules/webpack-dev-server/client/modules/logger/index.js?:599
[     575ms] [LOG] [HMR] Waiting for update signal from WDS... @ webpack://@open-norantec/ui-libraries/./node_modules/webpack/hot/log.js?:38
[     576ms] [INFO] %cDownload the React DevTools for a better development experience: https://reactjs.org/link/react-devtools font-weight:bold @ webpack://@open-norantec/ui-libraries/./node_modules/react-dom/cjs/react-dom.development.js?:29890
[     598ms] [LOG] LENCONDA:4 undefined @ webpack://@open-norantec/ui-libraries/./src/demo.tsx?:76
[     604ms] [LOG] LENCONDA:4 undefined @ webpack://@open-norantec/ui-libraries/./src/demo.tsx?:76
[     610ms] [LOG] LENCONDA:4 undefined @ webpack://@open-norantec/ui-libraries/./src/demo.tsx?:76
[     618ms] [LOG] LENCONDA:4 undefined @ webpack://@open-norantec/ui-libraries/./src/demo.tsx?:76
[     651ms] [LOG] LENCONDA:DEMO:onChange {test1: 123} @ webpack://@open-norantec/ui-libraries/./src/demo.tsx?:84
[     658ms] [LOG] LENCONDA:DEMO:onChange {test1: 123} @ webpack://@open-norantec/ui-libraries/./src/demo.tsx?:84
[   64715ms] [INFO] [webpack-dev-server] App updated. Recompiling... @ webpack://@open-norantec/ui-libraries/./node_modules/webpack-dev-server/client/modules/logger/index.js?:599
[   64715ms] [INFO] [webpack-dev-server] App updated. Recompiling... @ webpack://@open-norantec/ui-libraries/./node_modules/webpack-dev-server/client/modules/logger/index.js?:599
[   64715ms] [INFO] [webpack-dev-server] App updated. Recompiling... @ webpack://@open-norantec/ui-libraries/./node_modules/webpack-dev-server/client/modules/logger/index.js?:599
[   64716ms] [INFO] [webpack-dev-server] App updated. Recompiling... @ webpack://@open-norantec/ui-libraries/./node_modules/webpack-dev-server/client/modules/logger/index.js?:599
[   64904ms] [INFO] [webpack-dev-server] App hot update... @ webpack://@open-norantec/ui-libraries/./node_modules/webpack-dev-server/client/modules/logger/index.js?:599
[   64904ms] [LOG] [HMR] Checking for updates on the server... @ webpack://@open-norantec/ui-libraries/./node_modules/webpack/hot/log.js?:38
[   64905ms] [INFO] [webpack-dev-server] App hot update... @ webpack://@open-norantec/ui-libraries/./node_modules/webpack-dev-server/client/modules/logger/index.js?:599
[   64905ms] [LOG] [HMR] Checking for updates on the server... @ webpack://@open-norantec/ui-libraries/./node_modules/webpack/hot/log.js?:38
[   64905ms] [INFO] [webpack-dev-server] App hot update... @ webpack://@open-norantec/ui-libraries/./node_modules/webpack-dev-server/client/modules/logger/index.js?:599
[   64906ms] [LOG] [HMR] Checking for updates on the server... @ webpack://@open-norantec/ui-libraries/./node_modules/webpack/hot/log.js?:38
[   64906ms] [INFO] [webpack-dev-server] App hot update... @ webpack://@open-norantec/ui-libraries/./node_modules/webpack-dev-server/client/modules/logger/index.js?:599
[   64906ms] [LOG] [HMR] Checking for updates on the server... @ webpack://@open-norantec/ui-libraries/./node_modules/webpack/hot/log.js?:38
[   64933ms] [WARNING] [HMR] Cannot apply update. Need to do a full reload! @ webpack://@open-norantec/ui-libraries/./node_modules/webpack/hot/log.js?:40
[   64933ms] [WARNING] [HMR] Error: Aborted because ./src/components/form/index.tsx is not accepted
Update propagation: ./src/components/form/index.tsx -> ./src/demo.tsx
    at applyHandler (http://localhost:9000/demo.js:1496:31)
    at http://localhost:9000/demo.js:1202:21
    at Array.map (<anonymous>)
    at internalApply (http://localhost:9000/demo.js:1201:54)
    at http://localhost:9000/demo.js:1172:26
    at waitForBlockingPromises (http://localhost:9000/demo.js:1126:48)
    at http://localhost:9000/demo.js:1170:24 @ webpack://@open-norantec/ui-libraries/./node_modules/webpack/hot/log.js?:40
[   64934ms] [WARNING] [HMR] Update failed: Loading hot update chunk demo failed.
(missing: http://localhost:9000/demo.d4a96135ada48212209c.hot-update.js)
ChunkLoadError
    at http://localhost:9000/demo.js:1328:26
    at new Promise (<anonymous>)
    at loadUpdateChunk (http://localhost:9000/demo.js:1323:20)
    at http://localhost:9000/demo.js:1790:29
    at Array.forEach (<anonymous>)
    at __webpack_require__.hmrC.jsonp (http://localhost:9000/demo.js:1785:22)
    at http://localhost:9000/demo.js:1158:47
    at Array.reduce (<anonymous>)
    at http://localhost:9000/demo.js:1154:55 @ webpack://@open-norantec/ui-libraries/./node_modules/webpack/hot/log.js?:40
[   64934ms] [WARNING] [HMR] Update failed: Loading hot update chunk demo failed.
(missing: http://localhost:9000/demo.d4a96135ada48212209c.hot-update.js)
ChunkLoadError
    at http://localhost:9000/demo.js:1328:26
    at new Promise (<anonymous>)
    at loadUpdateChunk (http://localhost:9000/demo.js:1323:20)
    at http://localhost:9000/demo.js:1790:29
    at Array.forEach (<anonymous>)
    at __webpack_require__.hmrC.jsonp (http://localhost:9000/demo.js:1785:22)
    at http://localhost:9000/demo.js:1158:47
    at Array.reduce (<anonymous>)
    at http://localhost:9000/demo.js:1154:55 @ webpack://@open-norantec/ui-libraries/./node_modules/webpack/hot/log.js?:40
[   64934ms] [WARNING] [HMR] Update failed: Loading hot update chunk demo failed.
(missing: http://localhost:9000/demo.d4a96135ada48212209c.hot-update.js)
ChunkLoadError
    at http://localhost:9000/demo.js:1328:26
    at new Promise (<anonymous>)
    at loadUpdateChunk (http://localhost:9000/demo.js:1323:20)
    at http://localhost:9000/demo.js:1790:29
    at Array.forEach (<anonymous>)
    at __webpack_require__.hmrC.jsonp (http://localhost:9000/demo.js:1785:22)
    at http://localhost:9000/demo.js:1158:47
    at Array.reduce (<anonymous>)
    at http://localhost:9000/demo.js:1154:55 @ webpack://@open-norantec/ui-libraries/./node_modules/webpack/hot/log.js?:40
[   65483ms] [INFO] [webpack-dev-server] Server started: Hot Module Replacement enabled, Live Reloading enabled, Progress disabled, Overlay enabled. @ webpack://@open-norantec/ui-libraries/./node_modules/webpack-dev-server/client/modules/logger/index.js?:599
[   65485ms] [LOG] [HMR] Waiting for update signal from WDS... @ webpack://@open-norantec/ui-libraries/./node_modules/webpack/hot/log.js?:38
[   65622ms] [INFO] %cDownload the React DevTools for a better development experience: https://reactjs.org/link/react-devtools font-weight:bold @ webpack://@open-norantec/ui-libraries/./node_modules/react-dom/cjs/react-dom.development.js?:29890
[   65768ms] [INFO] [webpack-dev-server] Server started: Hot Module Replacement enabled, Live Reloading enabled, Progress disabled, Overlay enabled. @ webpack://@open-norantec/ui-libraries/./node_modules/webpack-dev-server/client/modules/logger/index.js?:599
[   65768ms] [LOG] [HMR] Waiting for update signal from WDS... @ webpack://@open-norantec/ui-libraries/./node_modules/webpack/hot/log.js?:38
[   65769ms] [INFO] %cDownload the React DevTools for a better development experience: https://reactjs.org/link/react-devtools font-weight:bold @ webpack://@open-norantec/ui-libraries/./node_modules/react-dom/cjs/react-dom.development.js?:29890
[   65841ms] [INFO] [webpack-dev-server] Server started: Hot Module Replacement enabled, Live Reloading enabled, Progress disabled, Overlay enabled. @ webpack://@open-norantec/ui-libraries/./node_modules/webpack-dev-server/client/modules/logger/index.js?:599
[   65842ms] [LOG] [HMR] Waiting for update signal from WDS... @ webpack://@open-norantec/ui-libraries/./node_modules/webpack/hot/log.js?:38
[   65843ms] [INFO] %cDownload the React DevTools for a better development experience: https://reactjs.org/link/react-devtools font-weight:bold @ webpack://@open-norantec/ui-libraries/./node_modules/react-dom/cjs/react-dom.development.js?:29890
[   65859ms] [INFO] [webpack-dev-server] Server started: Hot Module Replacement enabled, Live Reloading enabled, Progress disabled, Overlay enabled. @ webpack://@open-norantec/ui-libraries/./node_modules/webpack-dev-server/client/modules/logger/index.js?:599
[   65859ms] [LOG] [HMR] Waiting for update signal from WDS... @ webpack://@open-norantec/ui-libraries/./node_modules/webpack/hot/log.js?:38
[   65860ms] [INFO] %cDownload the React DevTools for a better development experience: https://reactjs.org/link/react-devtools font-weight:bold @ webpack://@open-norantec/ui-libraries/./node_modules/react-dom/cjs/react-dom.development.js?:29890
[   65899ms] [LOG] LENCONDA:4 undefined @ webpack://@open-norantec/ui-libraries/./src/demo.tsx?:76
[   65903ms] [LOG] LENCONDA:4 undefined @ webpack://@open-norantec/ui-libraries/./src/demo.tsx?:76
[   65912ms] [LOG] LENCONDA:4 undefined @ webpack://@open-norantec/ui-libraries/./src/demo.tsx?:76
[   65918ms] [LOG] LENCONDA:4 undefined @ webpack://@open-norantec/ui-libraries/./src/demo.tsx?:76
