[     712ms] [INFO] [webpack-dev-server] Server started: Hot Module Replacement enabled, Live Reloading enabled, Progress disabled, Overlay enabled. @ webpack://@open-norantec/ui-libraries/./node_modules/webpack-dev-server/client/modules/logger/index.js?:599
[     729ms] [LOG] [HMR] Waiting for update signal from WDS... @ webpack://@open-norantec/ui-libraries/./node_modules/webpack/hot/log.js?:38
[     795ms] [INFO] %cDownload the React DevTools for a better development experience: https://reactjs.org/link/react-devtools font-weight:bold @ webpack://@open-norantec/ui-libraries/./node_modules/react-dom/cjs/react-dom.development.js?:29890
[     977ms] [INFO] [webpack-dev-server] Server started: Hot Module Replacement enabled, Live Reloading enabled, Progress disabled, Overlay enabled. @ webpack://@open-norantec/ui-libraries/./node_modules/webpack-dev-server/client/modules/logger/index.js?:599
[     977ms] [LOG] [HMR] Waiting for update signal from WDS... @ webpack://@open-norantec/ui-libraries/./node_modules/webpack/hot/log.js?:38
[     979ms] [INFO] %cDownload the React DevTools for a better development experience: https://reactjs.org/link/react-devtools font-weight:bold @ webpack://@open-norantec/ui-libraries/./node_modules/react-dom/cjs/react-dom.development.js?:29890
[    1048ms] [INFO] [webpack-dev-server] Server started: Hot Module Replacement enabled, Live Reloading enabled, Progress disabled, Overlay enabled. @ webpack://@open-norantec/ui-libraries/./node_modules/webpack-dev-server/client/modules/logger/index.js?:599
[    1049ms] [LOG] [HMR] Waiting for update signal from WDS... @ webpack://@open-norantec/ui-libraries/./node_modules/webpack/hot/log.js?:38
[    1050ms] [INFO] %cDownload the React DevTools for a better development experience: https://reactjs.org/link/react-devtools font-weight:bold @ webpack://@open-norantec/ui-libraries/./node_modules/react-dom/cjs/react-dom.development.js?:29890
[    1066ms] [INFO] [webpack-dev-server] Server started: Hot Module Replacement enabled, Live Reloading enabled, Progress disabled, Overlay enabled. @ webpack://@open-norantec/ui-libraries/./node_modules/webpack-dev-server/client/modules/logger/index.js?:599
[    1067ms] [LOG] [HMR] Waiting for update signal from WDS... @ webpack://@open-norantec/ui-libraries/./node_modules/webpack/hot/log.js?:38
[    1068ms] [INFO] %cDownload the React DevTools for a better development experience: https://reactjs.org/link/react-devtools font-weight:bold @ webpack://@open-norantec/ui-libraries/./node_modules/react-dom/cjs/react-dom.development.js?:29890
[    1186ms] [LOG] LENCONDA:4 undefined @ webpack://@open-norantec/ui-libraries/./src/demo.tsx?:76
[    1190ms] [LOG] LENCONDA:4 undefined @ webpack://@open-norantec/ui-libraries/./src/demo.tsx?:76
[    1196ms] [LOG] LENCONDA:4 undefined @ webpack://@open-norantec/ui-libraries/./src/demo.tsx?:76
[    1203ms] [LOG] LENCONDA:FUCK:1 undefined undefined undefined @ webpack://@open-norantec/ui-libraries/./src/components/form/index.tsx?:689
[    1224ms] [LOG] LENCONDA:4 undefined @ webpack://@open-norantec/ui-libraries/./src/demo.tsx?:76
[    1227ms] [LOG] LENCONDA:FUCK:1 undefined undefined undefined @ webpack://@open-norantec/ui-libraries/./src/components/form/index.tsx?:689
[    1234ms] [LOG] LENCONDA:FUCK:1 undefined undefined undefined @ webpack://@open-norantec/ui-libraries/./src/components/form/index.tsx?:689
[    1236ms] [LOG] LENCONDA:FUCK:1 undefined undefined undefined @ webpack://@open-norantec/ui-libraries/./src/components/form/index.tsx?:689
[    1241ms] [LOG] LENCONDA:FUCK:2 undefined false undefined undefined @ webpack://@open-norantec/ui-libraries/./src/components/form/index.tsx?:365
[    1241ms] [LOG] LENCONDA:FUCK:2 true false undefined undefined @ webpack://@open-norantec/ui-libraries/./src/components/form/index.tsx?:365
[    1248ms] [LOG] LENCONDA:FUCK:2 undefined false undefined undefined @ webpack://@open-norantec/ui-libraries/./src/components/form/index.tsx?:365
[    1248ms] [LOG] LENCONDA:FUCK:2 true false undefined undefined @ webpack://@open-norantec/ui-libraries/./src/components/form/index.tsx?:365
[    1260ms] [LOG] LENCONDA:FUCK:2 undefined false undefined undefined @ webpack://@open-norantec/ui-libraries/./src/components/form/index.tsx?:365
[    1260ms] [LOG] LENCONDA:FUCK:2 true false undefined undefined @ webpack://@open-norantec/ui-libraries/./src/components/form/index.tsx?:365
[    1266ms] [LOG] LENCONDA:FUCK:2 undefined false undefined undefined @ webpack://@open-norantec/ui-libraries/./src/components/form/index.tsx?:365
[    1266ms] [LOG] LENCONDA:FUCK:2 true false undefined undefined @ webpack://@open-norantec/ui-libraries/./src/components/form/index.tsx?:365
[    1268ms] [LOG] LENCONDA:FUCK:1 undefined 123 test1 @ webpack://@open-norantec/ui-libraries/./src/components/form/index.tsx?:689
[    1269ms] [LOG] LENCONDA:FUCK:2 undefined true 123 123 @ webpack://@open-norantec/ui-libraries/./src/components/form/index.tsx?:365
[    1269ms] [LOG] LENCONDA:FUCK:2 true false 123 123 @ webpack://@open-norantec/ui-libraries/./src/components/form/index.tsx?:365
[    1272ms] [LOG] LENCONDA:FUCK:1 undefined 123 test1 @ webpack://@open-norantec/ui-libraries/./src/components/form/index.tsx?:689
[    1274ms] [LOG] LENCONDA:FUCK:2 undefined true 123 123 @ webpack://@open-norantec/ui-libraries/./src/components/form/index.tsx?:365
[    1274ms] [LOG] LENCONDA:FUCK:2 true false 123 123 @ webpack://@open-norantec/ui-libraries/./src/components/form/index.tsx?:365
[    1274ms] [LOG] LENCONDA:FUCK:2 true false 123 123 @ webpack://@open-norantec/ui-libraries/./src/components/form/index.tsx?:365
[    1280ms] [LOG] LENCONDA:FUCK:1 undefined 123 test1 @ webpack://@open-norantec/ui-libraries/./src/components/form/index.tsx?:689
[    1281ms] [LOG] LENCONDA:FUCK:2 undefined true 123 123 @ webpack://@open-norantec/ui-libraries/./src/components/form/index.tsx?:365
[    1281ms] [LOG] LENCONDA:FUCK:2 true false 123 123 @ webpack://@open-norantec/ui-libraries/./src/components/form/index.tsx?:365
[    1281ms] [LOG] LENCONDA:FUCK:2 true false 123 123 @ webpack://@open-norantec/ui-libraries/./src/components/form/index.tsx?:365
[    1287ms] [LOG] LENCONDA:FUCK:1 undefined 123 test1 @ webpack://@open-norantec/ui-libraries/./src/components/form/index.tsx?:689
[    1287ms] [LOG] LENCONDA:FUCK:2 undefined true 123 123 @ webpack://@open-norantec/ui-libraries/./src/components/form/index.tsx?:365
[    1288ms] [LOG] LENCONDA:FUCK:2 true false 123 123 @ webpack://@open-norantec/ui-libraries/./src/components/form/index.tsx?:365
[    1288ms] [LOG] LENCONDA:FUCK:2 true false 123 123 @ webpack://@open-norantec/ui-libraries/./src/components/form/index.tsx?:365
[    1289ms] [LOG] LENCONDA:FUCK:1 123 123 test1 @ webpack://@open-norantec/ui-libraries/./src/components/form/index.tsx?:689
[    1291ms] [LOG] LENCONDA:FUCK:1 123 123 test1 @ webpack://@open-norantec/ui-libraries/./src/components/form/index.tsx?:689
[    1291ms] [LOG] LENCONDA:FUCK:1 123 123 test1 @ webpack://@open-norantec/ui-libraries/./src/components/form/index.tsx?:689
[    1293ms] [LOG] LENCONDA:FUCK:1 123 123 test1 @ webpack://@open-norantec/ui-libraries/./src/components/form/index.tsx?:689
[    1293ms] [LOG] LENCONDA:FUCK:1 123 123 test1 @ webpack://@open-norantec/ui-libraries/./src/components/form/index.tsx?:689
[    1293ms] [LOG] LENCONDA:FUCK:1 123 123 test1 @ webpack://@open-norantec/ui-libraries/./src/components/form/index.tsx?:689
[    1293ms] [LOG] LENCONDA:FUCK:1 123 123 test1 @ webpack://@open-norantec/ui-libraries/./src/components/form/index.tsx?:689
[    1598ms] [ERROR] Failed to load resource: the server responded with a status of 404 (Not Found) @ http://localhost:9000/favicon.ico:0
[   13628ms] [LOG] LENCONDA:FUCK:2 undefined true abc abc @ webpack://@open-norantec/ui-libraries/./src/components/form/index.tsx?:365
[   13628ms] [LOG] LENCONDA:FUCK:2 true false abc abc @ webpack://@open-norantec/ui-libraries/./src/components/form/index.tsx?:365
[   13628ms] [LOG] LENCONDA:FUCK:2 true false abc abc @ webpack://@open-norantec/ui-libraries/./src/components/form/index.tsx?:365
[   13628ms] [LOG] LENCONDA:FUCK:2 true false abc abc @ webpack://@open-norantec/ui-libraries/./src/components/form/index.tsx?:365
[   13637ms] [LOG] LENCONDA:FUCK:1 abc 123 test1 @ webpack://@open-norantec/ui-libraries/./src/components/form/index.tsx?:689
[   13638ms] [LOG] LENCONDA:FUCK:1 123 123 test1 @ webpack://@open-norantec/ui-libraries/./src/components/form/index.tsx?:689
[   13641ms] [LOG] LENCONDA:FUCK:2 undefined true 123 123 @ webpack://@open-norantec/ui-libraries/./src/components/form/index.tsx?:365
[   13641ms] [LOG] LENCONDA:FUCK:2 true false 123 123 @ webpack://@open-norantec/ui-libraries/./src/components/form/index.tsx?:365
[   13641ms] [LOG] LENCONDA:FUCK:2 true false 123 123 @ webpack://@open-norantec/ui-libraries/./src/components/form/index.tsx?:365
[   13641ms] [LOG] LENCONDA:FUCK:2 true false 123 123 @ webpack://@open-norantec/ui-libraries/./src/components/form/index.tsx?:365
[   13641ms] [LOG] LENCONDA:FUCK:2 true false 123 123 @ webpack://@open-norantec/ui-libraries/./src/components/form/index.tsx?:365
[   13642ms] [LOG] LENCONDA:FUCK:1 123 123 test1 @ webpack://@open-norantec/ui-libraries/./src/components/form/index.tsx?:689
[   13642ms] [LOG] LENCONDA:FUCK:1 123 123 test1 @ webpack://@open-norantec/ui-libraries/./src/components/form/index.tsx?:689
[  166708ms] [INFO] [webpack-dev-server] App updated. Recompiling... @ webpack://@open-norantec/ui-libraries/./node_modules/webpack-dev-server/client/modules/logger/index.js?:599
[  166708ms] [INFO] [webpack-dev-server] App updated. Recompiling... @ webpack://@open-norantec/ui-libraries/./node_modules/webpack-dev-server/client/modules/logger/index.js?:599
[  166708ms] [INFO] [webpack-dev-server] App updated. Recompiling... @ webpack://@open-norantec/ui-libraries/./node_modules/webpack-dev-server/client/modules/logger/index.js?:599
[  166709ms] [INFO] [webpack-dev-server] App updated. Recompiling... @ webpack://@open-norantec/ui-libraries/./node_modules/webpack-dev-server/client/modules/logger/index.js?:599
[  166924ms] [INFO] [webpack-dev-server] App hot update... @ webpack://@open-norantec/ui-libraries/./node_modules/webpack-dev-server/client/modules/logger/index.js?:599
[  166925ms] [LOG] [HMR] Checking for updates on the server... @ webpack://@open-norantec/ui-libraries/./node_modules/webpack/hot/log.js?:38
[  166931ms] [INFO] [webpack-dev-server] App hot update... @ webpack://@open-norantec/ui-libraries/./node_modules/webpack-dev-server/client/modules/logger/index.js?:599
[  166931ms] [LOG] [HMR] Checking for updates on the server... @ webpack://@open-norantec/ui-libraries/./node_modules/webpack/hot/log.js?:38
[  166932ms] [INFO] [webpack-dev-server] App hot update... @ webpack://@open-norantec/ui-libraries/./node_modules/webpack-dev-server/client/modules/logger/index.js?:599
[  166932ms] [LOG] [HMR] Checking for updates on the server... @ webpack://@open-norantec/ui-libraries/./node_modules/webpack/hot/log.js?:38
[  166932ms] [INFO] [webpack-dev-server] App hot update... @ webpack://@open-norantec/ui-libraries/./node_modules/webpack-dev-server/client/modules/logger/index.js?:599
[  166933ms] [LOG] [HMR] Checking for updates on the server... @ webpack://@open-norantec/ui-libraries/./node_modules/webpack/hot/log.js?:38
[  166960ms] [LOG] [HMR] Nothing hot updated. @ webpack://@open-norantec/ui-libraries/./node_modules/webpack/hot/log.js?:38
[  166960ms] [LOG] [HMR] App is up to date. @ webpack://@open-norantec/ui-libraries/./node_modules/webpack/hot/log.js?:38
[  166962ms] [WARNING] [HMR] Update failed: Loading hot update chunk demo failed.
(missing: http://localhost:9000/demo.e7ffd702073a1ce1cadb.hot-update.js)
ChunkLoadError
    at http://localhost:9000/demo.js:1328:26
    at new Promise (<anonymous>)
    at loadUpdateChunk (http://localhost:9000/demo.js:1323:20)
    at http://localhost:9000/demo.js:1790:29
    at Array.forEach (<anonymous>)
    at __webpack_require__.hmrC.jsonp (http://localhost:9000/demo.js:1785:22)
    at http://localhost:9000/demo.js:1158:47
    at Array.reduce (<anonymous>)
    at http://localhost:9000/demo.js:1154:55 @ webpack://@open-norantec/ui-libraries/./node_modules/webpack/hot/log.js?:40
[  166963ms] [WARNING] [HMR] Update failed: Loading hot update chunk demo failed.
(missing: http://localhost:9000/demo.e7ffd702073a1ce1cadb.hot-update.js)
ChunkLoadError
    at http://localhost:9000/demo.js:1328:26
    at new Promise (<anonymous>)
    at loadUpdateChunk (http://localhost:9000/demo.js:1323:20)
    at http://localhost:9000/demo.js:1790:29
    at Array.forEach (<anonymous>)
    at __webpack_require__.hmrC.jsonp (http://localhost:9000/demo.js:1785:22)
    at http://localhost:9000/demo.js:1158:47
    at Array.reduce (<anonymous>)
    at http://localhost:9000/demo.js:1154:55 @ webpack://@open-norantec/ui-libraries/./node_modules/webpack/hot/log.js?:40
[  166963ms] [WARNING] [HMR] Update failed: Loading hot update chunk demo failed.
(missing: http://localhost:9000/demo.e7ffd702073a1ce1cadb.hot-update.js)
ChunkLoadError
    at http://localhost:9000/demo.js:1328:26
    at new Promise (<anonymous>)
    at loadUpdateChunk (http://localhost:9000/demo.js:1323:20)
    at http://localhost:9000/demo.js:1790:29
    at Array.forEach (<anonymous>)
    at __webpack_require__.hmrC.jsonp (http://localhost:9000/demo.js:1785:22)
    at http://localhost:9000/demo.js:1158:47
    at Array.reduce (<anonymous>)
    at http://localhost:9000/demo.js:1154:55 @ webpack://@open-norantec/ui-libraries/./node_modules/webpack/hot/log.js?:40
[  171438ms] [INFO] [webpack-dev-server] App updated. Recompiling... @ webpack://@open-norantec/ui-libraries/./node_modules/webpack-dev-server/client/modules/logger/index.js?:599
[  171438ms] [INFO] [webpack-dev-server] App updated. Recompiling... @ webpack://@open-norantec/ui-libraries/./node_modules/webpack-dev-server/client/modules/logger/index.js?:599
[  171438ms] [INFO] [webpack-dev-server] App updated. Recompiling... @ webpack://@open-norantec/ui-libraries/./node_modules/webpack-dev-server/client/modules/logger/index.js?:599
[  171439ms] [INFO] [webpack-dev-server] App updated. Recompiling... @ webpack://@open-norantec/ui-libraries/./node_modules/webpack-dev-server/client/modules/logger/index.js?:599
[  171593ms] [INFO] [webpack-dev-server] App hot update... @ webpack://@open-norantec/ui-libraries/./node_modules/webpack-dev-server/client/modules/logger/index.js?:599
[  171594ms] [INFO] [webpack-dev-server] App hot update... @ webpack://@open-norantec/ui-libraries/./node_modules/webpack-dev-server/client/modules/logger/index.js?:599
[  171594ms] [INFO] [webpack-dev-server] App hot update... @ webpack://@open-norantec/ui-libraries/./node_modules/webpack-dev-server/client/modules/logger/index.js?:599
[  171594ms] [INFO] [webpack-dev-server] App hot update... @ webpack://@open-norantec/ui-libraries/./node_modules/webpack-dev-server/client/modules/logger/index.js?:599
[  171594ms] [LOG] [HMR] Checking for updates on the server... @ webpack://@open-norantec/ui-libraries/./node_modules/webpack/hot/log.js?:38
[  171617ms] [WARNING] [HMR] Cannot apply update. Need to do a full reload! @ webpack://@open-norantec/ui-libraries/./node_modules/webpack/hot/log.js?:40
[  171618ms] [WARNING] [HMR] Error: Aborted because ./src/components/form/index.tsx is not accepted
Update propagation: ./src/components/form/index.tsx -> ./src/demo.tsx
    at applyHandler (http://localhost:9000/demo.js:1496:31)
    at http://localhost:9000/demo.js:1202:21
    at Array.map (<anonymous>)
    at internalApply (http://localhost:9000/demo.js:1201:54)
    at http://localhost:9000/demo.js:1172:26
    at waitForBlockingPromises (http://localhost:9000/demo.js:1126:48)
    at http://localhost:9000/demo.js:1170:24 @ webpack://@open-norantec/ui-libraries/./node_modules/webpack/hot/log.js?:40
[  172214ms] [INFO] [webpack-dev-server] Server started: Hot Module Replacement enabled, Live Reloading enabled, Progress disabled, Overlay enabled. @ webpack://@open-norantec/ui-libraries/./node_modules/webpack-dev-server/client/modules/logger/index.js?:599
[  172215ms] [LOG] [HMR] Waiting for update signal from WDS... @ webpack://@open-norantec/ui-libraries/./node_modules/webpack/hot/log.js?:38
[  172265ms] [INFO] %cDownload the React DevTools for a better development experience: https://reactjs.org/link/react-devtools font-weight:bold @ webpack://@open-norantec/ui-libraries/./node_modules/react-dom/cjs/react-dom.development.js?:29890
[  172402ms] [INFO] [webpack-dev-server] Server started: Hot Module Replacement enabled, Live Reloading enabled, Progress disabled, Overlay enabled. @ webpack://@open-norantec/ui-libraries/./node_modules/webpack-dev-server/client/modules/logger/index.js?:599
[  172402ms] [LOG] [HMR] Waiting for update signal from WDS... @ webpack://@open-norantec/ui-libraries/./node_modules/webpack/hot/log.js?:38
[  172404ms] [INFO] %cDownload the React DevTools for a better development experience: https://reactjs.org/link/react-devtools font-weight:bold @ webpack://@open-norantec/ui-libraries/./node_modules/react-dom/cjs/react-dom.development.js?:29890
[  172480ms] [INFO] [webpack-dev-server] Server started: Hot Module Replacement enabled, Live Reloading enabled, Progress disabled, Overlay enabled. @ webpack://@open-norantec/ui-libraries/./node_modules/webpack-dev-server/client/modules/logger/index.js?:599
[  172480ms] [LOG] [HMR] Waiting for update signal from WDS... @ webpack://@open-norantec/ui-libraries/./node_modules/webpack/hot/log.js?:38
[  172482ms] [INFO] %cDownload the React DevTools for a better development experience: https://reactjs.org/link/react-devtools font-weight:bold @ webpack://@open-norantec/ui-libraries/./node_modules/react-dom/cjs/react-dom.development.js?:29890
[  172505ms] [INFO] [webpack-dev-server] Server started: Hot Module Replacement enabled, Live Reloading enabled, Progress disabled, Overlay enabled. @ webpack://@open-norantec/ui-libraries/./node_modules/webpack-dev-server/client/modules/logger/index.js?:599
[  172505ms] [LOG] [HMR] Waiting for update signal from WDS... @ webpack://@open-norantec/ui-libraries/./node_modules/webpack/hot/log.js?:38
[  172507ms] [INFO] %cDownload the React DevTools for a better development experience: https://reactjs.org/link/react-devtools font-weight:bold @ webpack://@open-norantec/ui-libraries/./node_modules/react-dom/cjs/react-dom.development.js?:29890
[  172545ms] ReferenceError: onFuckChange is not defined
    at eval (webpack://@open-norantec/ui-libraries/./src/components/form/index.tsx?:369:59)
    at renderWithHooks (webpack://@open-norantec/ui-libraries/./node_modules/react-dom/cjs/react-dom.development.js?:15486:18)
    at updateForwardRef (webpack://@open-norantec/ui-libraries/./node_modules/react-dom/cjs/react-dom.development.js?:19241:20)
    at beginWork (webpack://@open-norantec/ui-libraries/./node_modules/react-dom/cjs/react-dom.development.js?:21671:16)
    at HTMLUnknownElement.callCallback (webpack://@open-norantec/ui-libraries/./node_modules/react-dom/cjs/react-dom.development.js?:4164:14)
    at Object.invokeGuardedCallbackDev (webpack://@open-norantec/ui-libraries/./node_modules/react-dom/cjs/react-dom.development.js?:4213:16)
    at invokeGuardedCallback (webpack://@open-norantec/ui-libraries/./node_modules/react-dom/cjs/react-dom.development.js?:4277:31)
    at beginWork$1 (webpack://@open-norantec/ui-libraries/./node_modules/react-dom/cjs/react-dom.development.js?:27486:7)
    at performUnitOfWork (webpack://@open-norantec/ui-libraries/./node_modules/react-dom/cjs/react-dom.development.js?:26595:12)
    at workLoopSync (webpack://@open-norantec/ui-libraries/./node_modules/react-dom/cjs/react-dom.development.js?:26501:5)
[  172555ms] ReferenceError: onFuckChange is not defined
    at eval (webpack://@open-norantec/ui-libraries/./src/components/form/index.tsx?:369:59)
    at renderWithHooks (webpack://@open-norantec/ui-libraries/./node_modules/react-dom/cjs/react-dom.development.js?:15486:18)
    at updateForwardRef (webpack://@open-norantec/ui-libraries/./node_modules/react-dom/cjs/react-dom.development.js?:19241:20)
    at beginWork (webpack://@open-norantec/ui-libraries/./node_modules/react-dom/cjs/react-dom.development.js?:21671:16)
    at HTMLUnknownElement.callCallback (webpack://@open-norantec/ui-libraries/./node_modules/react-dom/cjs/react-dom.development.js?:4164:14)
    at Object.invokeGuardedCallbackDev (webpack://@open-norantec/ui-libraries/./node_modules/react-dom/cjs/react-dom.development.js?:4213:16)
    at invokeGuardedCallback (webpack://@open-norantec/ui-libraries/./node_modules/react-dom/cjs/react-dom.development.js?:4277:31)
    at beginWork$1 (webpack://@open-norantec/ui-libraries/./node_modules/react-dom/cjs/react-dom.development.js?:27486:7)
    at performUnitOfWork (webpack://@open-norantec/ui-libraries/./node_modules/react-dom/cjs/react-dom.development.js?:26595:12)
    at workLoopSync (webpack://@open-norantec/ui-libraries/./node_modules/react-dom/cjs/react-dom.development.js?:26501:5)
[  172558ms] [ERROR] The above error occurred in the <ForwardRef> component:

    at eval (webpack://@open-norantec/ui-libraries/./src/components/form/index.tsx?:237:14)
    at div
    at App (webpack://@open-norantec/ui-libraries/./src/demo.tsx?:71:74)
    at Provider (webpack://@open-norantec/ui-libraries/./src/utilities/component-provider-util.class.tsx?:120:25)
    at Provider (webpack://@open-norantec/ui-libraries/./src/utilities/component-provider-util.class.tsx?:120:25)
    at Provider (webpack://@open-norantec/ui-libraries/./src/utilities/component-provider-util.class.tsx?:120:25)
    at Provider (webpack://@open-norantec/ui-libraries/./src/utilities/component-provider-util.class.tsx?:120:25)
    at ProviderFactory (webpack://@open-norantec/ui-libraries/./src/components/provider-factory/index.tsx?:28:28)

Consider adding an error boundary to your tree to customize error handling behavior.
Visit https://reactjs.org/link/error-boundaries to learn more about error boundaries. @ webpack://@open-norantec/ui-libraries/./node_modules/react-dom/cjs/react-dom.development.js?:18703
[  172621ms] ReferenceError: onFuckChange is not defined
    at eval (webpack://@open-norantec/ui-libraries/./src/components/form/index.tsx?:369:59)
    at renderWithHooks (webpack://@open-norantec/ui-libraries/./node_modules/react-dom/cjs/react-dom.development.js?:15486:18)
    at updateForwardRef (webpack://@open-norantec/ui-libraries/./node_modules/react-dom/cjs/react-dom.development.js?:19241:20)
    at beginWork (webpack://@open-norantec/ui-libraries/./node_modules/react-dom/cjs/react-dom.development.js?:21671:16)
    at beginWork$1 (webpack://@open-norantec/ui-libraries/./node_modules/react-dom/cjs/react-dom.development.js?:27461:14)
    at performUnitOfWork (webpack://@open-norantec/ui-libraries/./node_modules/react-dom/cjs/react-dom.development.js?:26595:12)
    at workLoopSync (webpack://@open-norantec/ui-libraries/./node_modules/react-dom/cjs/react-dom.development.js?:26501:5)
    at renderRootSync (webpack://@open-norantec/ui-libraries/./node_modules/react-dom/cjs/react-dom.development.js?:26469:7)
    at recoverFromConcurrentError (webpack://@open-norantec/ui-libraries/./node_modules/react-dom/cjs/react-dom.development.js?:25885:20)
    at performConcurrentWorkOnRoot (webpack://@open-norantec/ui-libraries/./node_modules/react-dom/cjs/react-dom.development.js?:25785:22)
[  172622ms] ReferenceError: onFuckChange is not defined
    at eval (webpack://@open-norantec/ui-libraries/./src/components/form/index.tsx?:369:59)
    at renderWithHooks (webpack://@open-norantec/ui-libraries/./node_modules/react-dom/cjs/react-dom.development.js?:15486:18)
    at updateForwardRef (webpack://@open-norantec/ui-libraries/./node_modules/react-dom/cjs/react-dom.development.js?:19241:20)
    at beginWork (webpack://@open-norantec/ui-libraries/./node_modules/react-dom/cjs/react-dom.development.js?:21671:16)
    at HTMLUnknownElement.callCallback (webpack://@open-norantec/ui-libraries/./node_modules/react-dom/cjs/react-dom.development.js?:4164:14)
    at Object.invokeGuardedCallbackDev (webpack://@open-norantec/ui-libraries/./node_modules/react-dom/cjs/react-dom.development.js?:4213:16)
    at invokeGuardedCallback (webpack://@open-norantec/ui-libraries/./node_modules/react-dom/cjs/react-dom.development.js?:4277:31)
    at beginWork$1 (webpack://@open-norantec/ui-libraries/./node_modules/react-dom/cjs/react-dom.development.js?:27486:7)
    at performUnitOfWork (webpack://@open-norantec/ui-libraries/./node_modules/react-dom/cjs/react-dom.development.js?:26595:12)
    at workLoopSync (webpack://@open-norantec/ui-libraries/./node_modules/react-dom/cjs/react-dom.development.js?:26501:5)
[  172623ms] ReferenceError: onFuckChange is not defined
    at eval (webpack://@open-norantec/ui-libraries/./src/components/form/index.tsx?:369:59)
    at renderWithHooks (webpack://@open-norantec/ui-libraries/./node_modules/react-dom/cjs/react-dom.development.js?:15486:18)
    at updateForwardRef (webpack://@open-norantec/ui-libraries/./node_modules/react-dom/cjs/react-dom.development.js?:19241:20)
    at beginWork (webpack://@open-norantec/ui-libraries/./node_modules/react-dom/cjs/react-dom.development.js?:21671:16)
    at HTMLUnknownElement.callCallback (webpack://@open-norantec/ui-libraries/./node_modules/react-dom/cjs/react-dom.development.js?:4164:14)
    at Object.invokeGuardedCallbackDev (webpack://@open-norantec/ui-libraries/./node_modules/react-dom/cjs/react-dom.development.js?:4213:16)
    at invokeGuardedCallback (webpack://@open-norantec/ui-libraries/./node_modules/react-dom/cjs/react-dom.development.js?:4277:31)
    at beginWork$1 (webpack://@open-norantec/ui-libraries/./node_modules/react-dom/cjs/react-dom.development.js?:27486:7)
    at performUnitOfWork (webpack://@open-norantec/ui-libraries/./node_modules/react-dom/cjs/react-dom.development.js?:26595:12)
    at workLoopSync (webpack://@open-norantec/ui-libraries/./node_modules/react-dom/cjs/react-dom.development.js?:26501:5)
[  172594ms] [ERROR] The above error occurred in the <ForwardRef> component:

    at eval (webpack://@open-norantec/ui-libraries/./src/components/form/index.tsx?:237:14)
    at div
    at App (webpack://@open-norantec/ui-libraries/./src/demo.tsx?:71:74)
    at Provider (webpack://@open-norantec/ui-libraries/./src/utilities/component-provider-util.class.tsx?:120:25)
    at Provider (webpack://@open-norantec/ui-libraries/./src/utilities/component-provider-util.class.tsx?:120:25)
    at Provider (webpack://@open-norantec/ui-libraries/./src/utilities/component-provider-util.class.tsx?:120:25)
    at Provider (webpack://@open-norantec/ui-libraries/./src/utilities/component-provider-util.class.tsx?:120:25)
    at ProviderFactory (webpack://@open-norantec/ui-libraries/./src/components/provider-factory/index.tsx?:28:28)

Consider adding an error boundary to your tree to customize error handling behavior.
Visit https://reactjs.org/link/error-boundaries to learn more about error boundaries. @ webpack://@open-norantec/ui-libraries/./node_modules/react-dom/cjs/react-dom.development.js?:18703
[  172623ms] ReferenceError: onFuckChange is not defined
    at eval (webpack://@open-norantec/ui-libraries/./src/components/form/index.tsx?:369:59)
    at renderWithHooks (webpack://@open-norantec/ui-libraries/./node_modules/react-dom/cjs/react-dom.development.js?:15486:18)
    at updateForwardRef (webpack://@open-norantec/ui-libraries/./node_modules/react-dom/cjs/react-dom.development.js?:19241:20)
    at beginWork (webpack://@open-norantec/ui-libraries/./node_modules/react-dom/cjs/react-dom.development.js?:21671:16)
    at beginWork$1 (webpack://@open-norantec/ui-libraries/./node_modules/react-dom/cjs/react-dom.development.js?:27461:14)
    at performUnitOfWork (webpack://@open-norantec/ui-libraries/./node_modules/react-dom/cjs/react-dom.development.js?:26595:12)
    at workLoopSync (webpack://@open-norantec/ui-libraries/./node_modules/react-dom/cjs/react-dom.development.js?:26501:5)
    at renderRootSync (webpack://@open-norantec/ui-libraries/./node_modules/react-dom/cjs/react-dom.development.js?:26469:7)
    at recoverFromConcurrentError (webpack://@open-norantec/ui-libraries/./node_modules/react-dom/cjs/react-dom.development.js?:25885:20)
    at performConcurrentWorkOnRoot (webpack://@open-norantec/ui-libraries/./node_modules/react-dom/cjs/react-dom.development.js?:25785:22)
[  172623ms] ReferenceError: onFuckChange is not defined
    at eval (webpack://@open-norantec/ui-libraries/./src/components/form/index.tsx?:369:59)
    at renderWithHooks (webpack://@open-norantec/ui-libraries/./node_modules/react-dom/cjs/react-dom.development.js?:15486:18)
    at updateForwardRef (webpack://@open-norantec/ui-libraries/./node_modules/react-dom/cjs/react-dom.development.js?:19241:20)
    at beginWork (webpack://@open-norantec/ui-libraries/./node_modules/react-dom/cjs/react-dom.development.js?:21671:16)
    at HTMLUnknownElement.callCallback (webpack://@open-norantec/ui-libraries/./node_modules/react-dom/cjs/react-dom.development.js?:4164:14)
    at Object.invokeGuardedCallbackDev (webpack://@open-norantec/ui-libraries/./node_modules/react-dom/cjs/react-dom.development.js?:4213:16)
    at invokeGuardedCallback (webpack://@open-norantec/ui-libraries/./node_modules/react-dom/cjs/react-dom.development.js?:4277:31)
    at beginWork$1 (webpack://@open-norantec/ui-libraries/./node_modules/react-dom/cjs/react-dom.development.js?:27486:7)
    at performUnitOfWork (webpack://@open-norantec/ui-libraries/./node_modules/react-dom/cjs/react-dom.development.js?:26595:12)
    at workLoopSync (webpack://@open-norantec/ui-libraries/./node_modules/react-dom/cjs/react-dom.development.js?:26501:5)
[  172623ms] ReferenceError: onFuckChange is not defined
    at eval (webpack://@open-norantec/ui-libraries/./src/components/form/index.tsx?:369:59)
    at renderWithHooks (webpack://@open-norantec/ui-libraries/./node_modules/react-dom/cjs/react-dom.development.js?:15486:18)
    at updateForwardRef (webpack://@open-norantec/ui-libraries/./node_modules/react-dom/cjs/react-dom.development.js?:19241:20)
    at beginWork (webpack://@open-norantec/ui-libraries/./node_modules/react-dom/cjs/react-dom.development.js?:21671:16)
    at HTMLUnknownElement.callCallback (webpack://@open-norantec/ui-libraries/./node_modules/react-dom/cjs/react-dom.development.js?:4164:14)
    at Object.invokeGuardedCallbackDev (webpack://@open-norantec/ui-libraries/./node_modules/react-dom/cjs/react-dom.development.js?:4213:16)
    at invokeGuardedCallback (webpack://@open-norantec/ui-libraries/./node_modules/react-dom/cjs/react-dom.development.js?:4277:31)
    at beginWork$1 (webpack://@open-norantec/ui-libraries/./node_modules/react-dom/cjs/react-dom.development.js?:27486:7)
    at performUnitOfWork (webpack://@open-norantec/ui-libraries/./node_modules/react-dom/cjs/react-dom.development.js?:26595:12)
    at workLoopSync (webpack://@open-norantec/ui-libraries/./node_modules/react-dom/cjs/react-dom.development.js?:26501:5)
[  172601ms] [ERROR] The above error occurred in the <ForwardRef> component:

    at eval (webpack://@open-norantec/ui-libraries/./src/components/form/index.tsx?:237:14)
    at div
    at App (webpack://@open-norantec/ui-libraries/./src/demo.tsx?:71:74)
    at Provider (webpack://@open-norantec/ui-libraries/./src/utilities/component-provider-util.class.tsx?:120:25)
    at Provider (webpack://@open-norantec/ui-libraries/./src/utilities/component-provider-util.class.tsx?:120:25)
    at Provider (webpack://@open-norantec/ui-libraries/./src/utilities/component-provider-util.class.tsx?:120:25)
    at Provider (webpack://@open-norantec/ui-libraries/./src/utilities/component-provider-util.class.tsx?:120:25)
    at ProviderFactory (webpack://@open-norantec/ui-libraries/./src/components/provider-factory/index.tsx?:28:28)

Consider adding an error boundary to your tree to customize error handling behavior.
Visit https://reactjs.org/link/error-boundaries to learn more about error boundaries. @ webpack://@open-norantec/ui-libraries/./node_modules/react-dom/cjs/react-dom.development.js?:18703
[  172623ms] ReferenceError: onFuckChange is not defined
    at eval (webpack://@open-norantec/ui-libraries/./src/components/form/index.tsx?:369:59)
    at renderWithHooks (webpack://@open-norantec/ui-libraries/./node_modules/react-dom/cjs/react-dom.development.js?:15486:18)
    at updateForwardRef (webpack://@open-norantec/ui-libraries/./node_modules/react-dom/cjs/react-dom.development.js?:19241:20)
    at beginWork (webpack://@open-norantec/ui-libraries/./node_modules/react-dom/cjs/react-dom.development.js?:21671:16)
    at beginWork$1 (webpack://@open-norantec/ui-libraries/./node_modules/react-dom/cjs/react-dom.development.js?:27461:14)
    at performUnitOfWork (webpack://@open-norantec/ui-libraries/./node_modules/react-dom/cjs/react-dom.development.js?:26595:12)
    at workLoopSync (webpack://@open-norantec/ui-libraries/./node_modules/react-dom/cjs/react-dom.development.js?:26501:5)
    at renderRootSync (webpack://@open-norantec/ui-libraries/./node_modules/react-dom/cjs/react-dom.development.js?:26469:7)
    at recoverFromConcurrentError (webpack://@open-norantec/ui-libraries/./node_modules/react-dom/cjs/react-dom.development.js?:25885:20)
    at performConcurrentWorkOnRoot (webpack://@open-norantec/ui-libraries/./node_modules/react-dom/cjs/react-dom.development.js?:25785:22)
[  172832ms] ReferenceError: onFuckChange is not defined
    at eval (webpack://@open-norantec/ui-libraries/./src/components/form/index.tsx?:369:59)
    at renderWithHooks (webpack://@open-norantec/ui-libraries/./node_modules/react-dom/cjs/react-dom.development.js?:15486:18)
    at updateForwardRef (webpack://@open-norantec/ui-libraries/./node_modules/react-dom/cjs/react-dom.development.js?:19241:20)
    at beginWork (webpack://@open-norantec/ui-libraries/./node_modules/react-dom/cjs/react-dom.development.js?:21671:16)
    at HTMLUnknownElement.callCallback (webpack://@open-norantec/ui-libraries/./node_modules/react-dom/cjs/react-dom.development.js?:4164:14)
    at Object.invokeGuardedCallbackDev (webpack://@open-norantec/ui-libraries/./node_modules/react-dom/cjs/react-dom.development.js?:4213:16)
    at invokeGuardedCallback (webpack://@open-norantec/ui-libraries/./node_modules/react-dom/cjs/react-dom.development.js?:4277:31)
    at beginWork$1 (webpack://@open-norantec/ui-libraries/./node_modules/react-dom/cjs/react-dom.development.js?:27486:7)
    at performUnitOfWork (webpack://@open-norantec/ui-libraries/./node_modules/react-dom/cjs/react-dom.development.js?:26595:12)
    at workLoopSync (webpack://@open-norantec/ui-libraries/./node_modules/react-dom/cjs/react-dom.development.js?:26501:5)
[  172834ms] ReferenceError: onFuckChange is not defined
    at eval (webpack://@open-norantec/ui-libraries/./src/components/form/index.tsx?:369:59)
    at renderWithHooks (webpack://@open-norantec/ui-libraries/./node_modules/react-dom/cjs/react-dom.development.js?:15486:18)
    at updateForwardRef (webpack://@open-norantec/ui-libraries/./node_modules/react-dom/cjs/react-dom.development.js?:19241:20)
    at beginWork (webpack://@open-norantec/ui-libraries/./node_modules/react-dom/cjs/react-dom.development.js?:21671:16)
    at HTMLUnknownElement.callCallback (webpack://@open-norantec/ui-libraries/./node_modules/react-dom/cjs/react-dom.development.js?:4164:14)
    at Object.invokeGuardedCallbackDev (webpack://@open-norantec/ui-libraries/./node_modules/react-dom/cjs/react-dom.development.js?:4213:16)
    at invokeGuardedCallback (webpack://@open-norantec/ui-libraries/./node_modules/react-dom/cjs/react-dom.development.js?:4277:31)
    at beginWork$1 (webpack://@open-norantec/ui-libraries/./node_modules/react-dom/cjs/react-dom.development.js?:27486:7)
    at performUnitOfWork (webpack://@open-norantec/ui-libraries/./node_modules/react-dom/cjs/react-dom.development.js?:26595:12)
    at workLoopSync (webpack://@open-norantec/ui-libraries/./node_modules/react-dom/cjs/react-dom.development.js?:26501:5)
[  172645ms] [ERROR] The above error occurred in the <ForwardRef> component:

    at eval (webpack://@open-norantec/ui-libraries/./src/components/form/index.tsx?:237:14)
    at div
    at App (webpack://@open-norantec/ui-libraries/./src/demo.tsx?:71:74)
    at Provider (webpack://@open-norantec/ui-libraries/./src/utilities/component-provider-util.class.tsx?:120:25)
    at Provider (webpack://@open-norantec/ui-libraries/./src/utilities/component-provider-util.class.tsx?:120:25)
    at Provider (webpack://@open-norantec/ui-libraries/./src/utilities/component-provider-util.class.tsx?:120:25)
    at Provider (webpack://@open-norantec/ui-libraries/./src/utilities/component-provider-util.class.tsx?:120:25)
    at ProviderFactory (webpack://@open-norantec/ui-libraries/./src/components/provider-factory/index.tsx?:28:28)

Consider adding an error boundary to your tree to customize error handling behavior.
Visit https://reactjs.org/link/error-boundaries to learn more about error boundaries. @ webpack://@open-norantec/ui-libraries/./node_modules/react-dom/cjs/react-dom.development.js?:18703
[  172836ms] ReferenceError: onFuckChange is not defined
    at eval (webpack://@open-norantec/ui-libraries/./src/components/form/index.tsx?:369:59)
    at renderWithHooks (webpack://@open-norantec/ui-libraries/./node_modules/react-dom/cjs/react-dom.development.js?:15486:18)
    at updateForwardRef (webpack://@open-norantec/ui-libraries/./node_modules/react-dom/cjs/react-dom.development.js?:19241:20)
    at beginWork (webpack://@open-norantec/ui-libraries/./node_modules/react-dom/cjs/react-dom.development.js?:21671:16)
    at beginWork$1 (webpack://@open-norantec/ui-libraries/./node_modules/react-dom/cjs/react-dom.development.js?:27461:14)
    at performUnitOfWork (webpack://@open-norantec/ui-libraries/./node_modules/react-dom/cjs/react-dom.development.js?:26595:12)
    at workLoopSync (webpack://@open-norantec/ui-libraries/./node_modules/react-dom/cjs/react-dom.development.js?:26501:5)
    at renderRootSync (webpack://@open-norantec/ui-libraries/./node_modules/react-dom/cjs/react-dom.development.js?:26469:7)
    at recoverFromConcurrentError (webpack://@open-norantec/ui-libraries/./node_modules/react-dom/cjs/react-dom.development.js?:25885:20)
    at performConcurrentWorkOnRoot (webpack://@open-norantec/ui-libraries/./node_modules/react-dom/cjs/react-dom.development.js?:25785:22)
[  179578ms] [INFO] [webpack-dev-server] App updated. Recompiling... @ webpack://@open-norantec/ui-libraries/./node_modules/webpack-dev-server/client/modules/logger/index.js?:599
[  179578ms] [INFO] [webpack-dev-server] App updated. Recompiling... @ webpack://@open-norantec/ui-libraries/./node_modules/webpack-dev-server/client/modules/logger/index.js?:599
[  179578ms] [INFO] [webpack-dev-server] App updated. Recompiling... @ webpack://@open-norantec/ui-libraries/./node_modules/webpack-dev-server/client/modules/logger/index.js?:599
[  179578ms] [INFO] [webpack-dev-server] App updated. Recompiling... @ webpack://@open-norantec/ui-libraries/./node_modules/webpack-dev-server/client/modules/logger/index.js?:599
[  179701ms] [INFO] [webpack-dev-server] App hot update... @ webpack://@open-norantec/ui-libraries/./node_modules/webpack-dev-server/client/modules/logger/index.js?:599
[  179702ms] [LOG] [HMR] Checking for updates on the server... @ webpack://@open-norantec/ui-libraries/./node_modules/webpack/hot/log.js?:38
[  179702ms] [INFO] [webpack-dev-server] App hot update... @ webpack://@open-norantec/ui-libraries/./node_modules/webpack-dev-server/client/modules/logger/index.js?:599
[  179702ms] [LOG] [HMR] Checking for updates on the server... @ webpack://@open-norantec/ui-libraries/./node_modules/webpack/hot/log.js?:38
[  179703ms] [INFO] [webpack-dev-server] App hot update... @ webpack://@open-norantec/ui-libraries/./node_modules/webpack-dev-server/client/modules/logger/index.js?:599
[  179703ms] [LOG] [HMR] Checking for updates on the server... @ webpack://@open-norantec/ui-libraries/./node_modules/webpack/hot/log.js?:38
[  179703ms] [INFO] [webpack-dev-server] App hot update... @ webpack://@open-norantec/ui-libraries/./node_modules/webpack-dev-server/client/modules/logger/index.js?:599
[  179703ms] [LOG] [HMR] Checking for updates on the server... @ webpack://@open-norantec/ui-libraries/./node_modules/webpack/hot/log.js?:38
[  179821ms] TypeError: Cannot set properties of undefined (setting './src/components/form/index.tsx')
    at self.webpackHotUpdate_open_norantec_ui_libraries (http://localhost:9000/demo.js:1348:39)
    at http://localhost:9000/demo.5cb1c69908d4b1755fb6.hot-update.js:10:52
[  179760ms] [WARNING] [HMR] Update failed: Loading hot update chunk demo failed.
(missing: http://localhost:9000/demo.5cb1c69908d4b1755fb6.hot-update.js)
ChunkLoadError
    at http://localhost:9000/demo.js:1328:26
    at new Promise (<anonymous>)
    at loadUpdateChunk (http://localhost:9000/demo.js:1323:20)
    at http://localhost:9000/demo.js:1790:29
    at Array.forEach (<anonymous>)
    at __webpack_require__.hmrC.jsonp (http://localhost:9000/demo.js:1785:22)
    at http://localhost:9000/demo.js:1158:47
    at Array.reduce (<anonymous>)
    at http://localhost:9000/demo.js:1154:55 @ webpack://@open-norantec/ui-libraries/./node_modules/webpack/hot/log.js?:40
[  179822ms] TypeError: Cannot set properties of undefined (setting './src/components/form/index.tsx')
    at self.webpackHotUpdate_open_norantec_ui_libraries (http://localhost:9000/demo.js:1348:39)
    at http://localhost:9000/demo.5cb1c69908d4b1755fb6.hot-update.js:10:52
[  179763ms] [WARNING] [HMR] Update failed: Loading hot update chunk demo failed.
(missing: http://localhost:9000/demo.5cb1c69908d4b1755fb6.hot-update.js)
ChunkLoadError
    at http://localhost:9000/demo.js:1328:26
    at new Promise (<anonymous>)
    at loadUpdateChunk (http://localhost:9000/demo.js:1323:20)
    at http://localhost:9000/demo.js:1790:29
    at Array.forEach (<anonymous>)
    at __webpack_require__.hmrC.jsonp (http://localhost:9000/demo.js:1785:22)
    at http://localhost:9000/demo.js:1158:47
    at Array.reduce (<anonymous>)
    at http://localhost:9000/demo.js:1154:55 @ webpack://@open-norantec/ui-libraries/./node_modules/webpack/hot/log.js?:40
[  179822ms] TypeError: Cannot set properties of undefined (setting './src/components/form/index.tsx')
    at self.webpackHotUpdate_open_norantec_ui_libraries (http://localhost:9000/demo.js:1348:39)
    at http://localhost:9000/demo.5cb1c69908d4b1755fb6.hot-update.js:10:52
[  179764ms] [WARNING] [HMR] Update failed: Loading hot update chunk demo failed.
(missing: http://localhost:9000/demo.5cb1c69908d4b1755fb6.hot-update.js)
ChunkLoadError
    at http://localhost:9000/demo.js:1328:26
    at new Promise (<anonymous>)
    at loadUpdateChunk (http://localhost:9000/demo.js:1323:20)
    at http://localhost:9000/demo.js:1790:29
    at Array.forEach (<anonymous>)
    at __webpack_require__.hmrC.jsonp (http://localhost:9000/demo.js:1785:22)
    at http://localhost:9000/demo.js:1158:47
    at Array.reduce (<anonymous>)
    at http://localhost:9000/demo.js:1154:55 @ webpack://@open-norantec/ui-libraries/./node_modules/webpack/hot/log.js?:40
[  179778ms] [WARNING] [HMR] Cannot apply update. Need to do a full reload! @ webpack://@open-norantec/ui-libraries/./node_modules/webpack/hot/log.js?:40
[  179778ms] [WARNING] [HMR] Error: Aborted because ./src/components/form/index.tsx is not accepted
Update propagation: ./src/components/form/index.tsx -> ./src/demo.tsx
    at applyHandler (http://localhost:9000/demo.js:1496:31)
    at http://localhost:9000/demo.js:1202:21
    at Array.map (<anonymous>)
    at internalApply (http://localhost:9000/demo.js:1201:54)
    at http://localhost:9000/demo.js:1172:26
    at waitForBlockingPromises (http://localhost:9000/demo.js:1126:48)
    at http://localhost:9000/demo.js:1170:24 @ webpack://@open-norantec/ui-libraries/./node_modules/webpack/hot/log.js?:40
[  180607ms] [INFO] [webpack-dev-server] Server started: Hot Module Replacement enabled, Live Reloading enabled, Progress disabled, Overlay enabled. @ webpack://@open-norantec/ui-libraries/./node_modules/webpack-dev-server/client/modules/logger/index.js?:599
[  180609ms] [LOG] [HMR] Waiting for update signal from WDS... @ webpack://@open-norantec/ui-libraries/./node_modules/webpack/hot/log.js?:38
[  180716ms] [INFO] %cDownload the React DevTools for a better development experience: https://reactjs.org/link/react-devtools font-weight:bold @ webpack://@open-norantec/ui-libraries/./node_modules/react-dom/cjs/react-dom.development.js?:29890
[  181017ms] [INFO] [webpack-dev-server] Server started: Hot Module Replacement enabled, Live Reloading enabled, Progress disabled, Overlay enabled. @ webpack://@open-norantec/ui-libraries/./node_modules/webpack-dev-server/client/modules/logger/index.js?:599
[  181024ms] [LOG] [HMR] Waiting for update signal from WDS... @ webpack://@open-norantec/ui-libraries/./node_modules/webpack/hot/log.js?:38
[  181031ms] [INFO] %cDownload the React DevTools for a better development experience: https://reactjs.org/link/react-devtools font-weight:bold @ webpack://@open-norantec/ui-libraries/./node_modules/react-dom/cjs/react-dom.development.js?:29890
[  181192ms] [INFO] [webpack-dev-server] Server started: Hot Module Replacement enabled, Live Reloading enabled, Progress disabled, Overlay enabled. @ webpack://@open-norantec/ui-libraries/./node_modules/webpack-dev-server/client/modules/logger/index.js?:599
[  181195ms] [LOG] [HMR] Waiting for update signal from WDS... @ webpack://@open-norantec/ui-libraries/./node_modules/webpack/hot/log.js?:38
[  181222ms] [INFO] %cDownload the React DevTools for a better development experience: https://reactjs.org/link/react-devtools font-weight:bold @ webpack://@open-norantec/ui-libraries/./node_modules/react-dom/cjs/react-dom.development.js?:29890
[  181327ms] [INFO] [webpack-dev-server] Server started: Hot Module Replacement enabled, Live Reloading enabled, Progress disabled, Overlay enabled. @ webpack://@open-norantec/ui-libraries/./node_modules/webpack-dev-server/client/modules/logger/index.js?:599
[  181327ms] [LOG] [HMR] Waiting for update signal from WDS... @ webpack://@open-norantec/ui-libraries/./node_modules/webpack/hot/log.js?:38
[  181329ms] [INFO] %cDownload the React DevTools for a better development experience: https://reactjs.org/link/react-devtools font-weight:bold @ webpack://@open-norantec/ui-libraries/./node_modules/react-dom/cjs/react-dom.development.js?:29890
[  181451ms] [LOG] LENCONDA:4 undefined @ webpack://@open-norantec/ui-libraries/./src/demo.tsx?:76
[  181473ms] [LOG] LENCONDA:4 undefined @ webpack://@open-norantec/ui-libraries/./src/demo.tsx?:76
[  181546ms] [ERROR] Warning: Unknown event handler property `%s`. It will be ignored.%s onFuckChange 
    at form
    at eval (webpack://@open-norantec/ui-libraries/./src/components/form/index.tsx?:237:14)
    at div
    at App (webpack://@open-norantec/ui-libraries/./src/demo.tsx?:71:74)
    at Provider (webpack://@open-norantec/ui-libraries/./src/utilities/component-provider-util.class.tsx?:120:25)
    at Provider (webpack://@open-norantec/ui-libraries/./src/utilities/component-provider-util.class.tsx?:120:25)
    at Provider (webpack://@open-norantec/ui-libraries/./src/utilities/component-provider-util.class.tsx?:120:25)
    at Provider (webpack://@open-norantec/ui-libraries/./src/utilities/component-provider-util.class.tsx?:120:25)
    at ProviderFactory (webpack://@open-norantec/ui-libraries/./src/components/provider-factory/index.tsx?:28:28) @ webpack://@open-norantec/ui-libraries/./node_modules/react-dom/cjs/react-dom.development.js?:85
[  181589ms] [LOG] LENCONDA:4 undefined @ webpack://@open-norantec/ui-libraries/./src/demo.tsx?:76
[  181598ms] [LOG] LENCONDA:4 undefined @ webpack://@open-norantec/ui-libraries/./src/demo.tsx?:76
[  181601ms] [ERROR] Warning: Unknown event handler property `%s`. It will be ignored.%s onFuckChange 
    at form
    at eval (webpack://@open-norantec/ui-libraries/./src/components/form/index.tsx?:237:14)
    at div
    at App (webpack://@open-norantec/ui-libraries/./src/demo.tsx?:71:74)
    at Provider (webpack://@open-norantec/ui-libraries/./src/utilities/component-provider-util.class.tsx?:120:25)
    at Provider (webpack://@open-norantec/ui-libraries/./src/utilities/component-provider-util.class.tsx?:120:25)
    at Provider (webpack://@open-norantec/ui-libraries/./src/utilities/component-provider-util.class.tsx?:120:25)
    at Provider (webpack://@open-norantec/ui-libraries/./src/utilities/component-provider-util.class.tsx?:120:25)
    at ProviderFactory (webpack://@open-norantec/ui-libraries/./src/components/provider-factory/index.tsx?:28:28) @ webpack://@open-norantec/ui-libraries/./node_modules/react-dom/cjs/react-dom.development.js?:85
[  181639ms] [LOG] LENCONDA:FUCK:1 undefined undefined undefined @ webpack://@open-norantec/ui-libraries/./src/components/form/index.tsx?:690
[  181652ms] [ERROR] Warning: Unknown event handler property `%s`. It will be ignored.%s onFuckChange 
    at form
    at eval (webpack://@open-norantec/ui-libraries/./src/components/form/index.tsx?:237:14)
    at div
    at App (webpack://@open-norantec/ui-libraries/./src/demo.tsx?:71:74)
    at Provider (webpack://@open-norantec/ui-libraries/./src/utilities/component-provider-util.class.tsx?:120:25)
    at Provider (webpack://@open-norantec/ui-libraries/./src/utilities/component-provider-util.class.tsx?:120:25)
    at Provider (webpack://@open-norantec/ui-libraries/./src/utilities/component-provider-util.class.tsx?:120:25)
    at Provider (webpack://@open-norantec/ui-libraries/./src/utilities/component-provider-util.class.tsx?:120:25)
    at ProviderFactory (webpack://@open-norantec/ui-libraries/./src/components/provider-factory/index.tsx?:28:28) @ webpack://@open-norantec/ui-libraries/./node_modules/react-dom/cjs/react-dom.development.js?:85
[  181667ms] [ERROR] Warning: Unknown event handler property `%s`. It will be ignored.%s onFuckChange 
    at form
    at eval (webpack://@open-norantec/ui-libraries/./src/components/form/index.tsx?:237:14)
    at div
    at App (webpack://@open-norantec/ui-libraries/./src/demo.tsx?:71:74)
    at Provider (webpack://@open-norantec/ui-libraries/./src/utilities/component-provider-util.class.tsx?:120:25)
    at Provider (webpack://@open-norantec/ui-libraries/./src/utilities/component-provider-util.class.tsx?:120:25)
    at Provider (webpack://@open-norantec/ui-libraries/./src/utilities/component-provider-util.class.tsx?:120:25)
    at Provider (webpack://@open-norantec/ui-libraries/./src/utilities/component-provider-util.class.tsx?:120:25)
    at ProviderFactory (webpack://@open-norantec/ui-libraries/./src/components/provider-factory/index.tsx?:28:28) @ webpack://@open-norantec/ui-libraries/./node_modules/react-dom/cjs/react-dom.development.js?:85
[  181692ms] [LOG] LENCONDA:FUCK:1 undefined undefined undefined @ webpack://@open-norantec/ui-libraries/./src/components/form/index.tsx?:690
[  181759ms] [LOG] LENCONDA:FUCK:1 undefined undefined undefined @ webpack://@open-norantec/ui-libraries/./src/components/form/index.tsx?:690
[  181772ms] [LOG] LENCONDA:FUCK:1 undefined undefined undefined @ webpack://@open-norantec/ui-libraries/./src/components/form/index.tsx?:690
[  181887ms] [LOG] LENCONDA:FUCK:1 undefined 123 test1 @ webpack://@open-norantec/ui-libraries/./src/components/form/index.tsx?:690
[  181922ms] [LOG] LENCONDA:FUCK:1 undefined 123 test1 @ webpack://@open-norantec/ui-libraries/./src/components/form/index.tsx?:690
[  181931ms] [LOG] LENCONDA:FUCK:1 undefined 123 test1 @ webpack://@open-norantec/ui-libraries/./src/components/form/index.tsx?:690
[  182003ms] [LOG] LENCONDA:FUCK:1 undefined 123 test1 @ webpack://@open-norantec/ui-libraries/./src/components/form/index.tsx?:690
[  182031ms] [LOG] LENCONDA:FUCK:1 123 123 test1 @ webpack://@open-norantec/ui-libraries/./src/components/form/index.tsx?:690
[  182054ms] [LOG] LENCONDA:FUCK:1 123 123 test1 @ webpack://@open-norantec/ui-libraries/./src/components/form/index.tsx?:690
[  182060ms] [LOG] LENCONDA:FUCK:1 123 123 test1 @ webpack://@open-norantec/ui-libraries/./src/components/form/index.tsx?:690
[  182082ms] [LOG] LENCONDA:FUCK:1 123 123 test1 @ webpack://@open-norantec/ui-libraries/./src/components/form/index.tsx?:690
[  185493ms] [INFO] [webpack-dev-server] App updated. Recompiling... @ webpack://@open-norantec/ui-libraries/./node_modules/webpack-dev-server/client/modules/logger/index.js?:599
[  185493ms] [INFO] [webpack-dev-server] App updated. Recompiling... @ webpack://@open-norantec/ui-libraries/./node_modules/webpack-dev-server/client/modules/logger/index.js?:599
[  185493ms] [INFO] [webpack-dev-server] App updated. Recompiling... @ webpack://@open-norantec/ui-libraries/./node_modules/webpack-dev-server/client/modules/logger/index.js?:599
[  185493ms] [INFO] [webpack-dev-server] App updated. Recompiling... @ webpack://@open-norantec/ui-libraries/./node_modules/webpack-dev-server/client/modules/logger/index.js?:599
[  185653ms] [INFO] [webpack-dev-server] App hot update... @ webpack://@open-norantec/ui-libraries/./node_modules/webpack-dev-server/client/modules/logger/index.js?:599
[  185654ms] [LOG] [HMR] Checking for updates on the server... @ webpack://@open-norantec/ui-libraries/./node_modules/webpack/hot/log.js?:38
[  185655ms] [INFO] [webpack-dev-server] App hot update... @ webpack://@open-norantec/ui-libraries/./node_modules/webpack-dev-server/client/modules/logger/index.js?:599
[  185655ms] [LOG] [HMR] Checking for updates on the server... @ webpack://@open-norantec/ui-libraries/./node_modules/webpack/hot/log.js?:38
[  185655ms] [INFO] [webpack-dev-server] App hot update... @ webpack://@open-norantec/ui-libraries/./node_modules/webpack-dev-server/client/modules/logger/index.js?:599
[  185655ms] [LOG] [HMR] Checking for updates on the server... @ webpack://@open-norantec/ui-libraries/./node_modules/webpack/hot/log.js?:38
[  185655ms] [INFO] [webpack-dev-server] App hot update... @ webpack://@open-norantec/ui-libraries/./node_modules/webpack-dev-server/client/modules/logger/index.js?:599
[  185655ms] [LOG] [HMR] Checking for updates on the server... @ webpack://@open-norantec/ui-libraries/./node_modules/webpack/hot/log.js?:38
[  185690ms] [WARNING] [HMR] Cannot apply update. Need to do a full reload! @ webpack://@open-norantec/ui-libraries/./node_modules/webpack/hot/log.js?:40
[  185690ms] [WARNING] [HMR] Error: Aborted because ./src/components/form/index.tsx is not accepted
Update propagation: ./src/components/form/index.tsx -> ./src/demo.tsx
    at applyHandler (http://localhost:9000/demo.js:1496:31)
    at http://localhost:9000/demo.js:1202:21
    at Array.map (<anonymous>)
    at internalApply (http://localhost:9000/demo.js:1201:54)
    at http://localhost:9000/demo.js:1172:26
    at waitForBlockingPromises (http://localhost:9000/demo.js:1126:48)
    at http://localhost:9000/demo.js:1170:24 @ webpack://@open-norantec/ui-libraries/./node_modules/webpack/hot/log.js?:40
[  185691ms] [WARNING] [HMR] Update failed: Loading hot update chunk demo failed.
(missing: http://localhost:9000/demo.dd8add7707b3cf191fd3.hot-update.js)
ChunkLoadError
    at http://localhost:9000/demo.js:1328:26
    at new Promise (<anonymous>)
    at loadUpdateChunk (http://localhost:9000/demo.js:1323:20)
    at http://localhost:9000/demo.js:1790:29
    at Array.forEach (<anonymous>)
    at __webpack_require__.hmrC.jsonp (http://localhost:9000/demo.js:1785:22)
    at http://localhost:9000/demo.js:1158:47
    at Array.reduce (<anonymous>)
    at http://localhost:9000/demo.js:1154:55 @ webpack://@open-norantec/ui-libraries/./node_modules/webpack/hot/log.js?:40
[  185691ms] [WARNING] [HMR] Update failed: Loading hot update chunk demo failed.
(missing: http://localhost:9000/demo.dd8add7707b3cf191fd3.hot-update.js)
ChunkLoadError
    at http://localhost:9000/demo.js:1328:26
    at new Promise (<anonymous>)
    at loadUpdateChunk (http://localhost:9000/demo.js:1323:20)
    at http://localhost:9000/demo.js:1790:29
    at Array.forEach (<anonymous>)
    at __webpack_require__.hmrC.jsonp (http://localhost:9000/demo.js:1785:22)
    at http://localhost:9000/demo.js:1158:47
    at Array.reduce (<anonymous>)
    at http://localhost:9000/demo.js:1154:55 @ webpack://@open-norantec/ui-libraries/./node_modules/webpack/hot/log.js?:40
[  185692ms] [WARNING] [HMR] Update failed: Loading hot update chunk demo failed.
(missing: http://localhost:9000/demo.dd8add7707b3cf191fd3.hot-update.js)
ChunkLoadError
    at http://localhost:9000/demo.js:1328:26
    at new Promise (<anonymous>)
    at loadUpdateChunk (http://localhost:9000/demo.js:1323:20)
    at http://localhost:9000/demo.js:1790:29
    at Array.forEach (<anonymous>)
    at __webpack_require__.hmrC.jsonp (http://localhost:9000/demo.js:1785:22)
    at http://localhost:9000/demo.js:1158:47
    at Array.reduce (<anonymous>)
    at http://localhost:9000/demo.js:1154:55 @ webpack://@open-norantec/ui-libraries/./node_modules/webpack/hot/log.js?:40
[  186253ms] [INFO] [webpack-dev-server] Server started: Hot Module Replacement enabled, Live Reloading enabled, Progress disabled, Overlay enabled. @ webpack://@open-norantec/ui-libraries/./node_modules/webpack-dev-server/client/modules/logger/index.js?:599
[  186255ms] [LOG] [HMR] Waiting for update signal from WDS... @ webpack://@open-norantec/ui-libraries/./node_modules/webpack/hot/log.js?:38
[  186308ms] [INFO] %cDownload the React DevTools for a better development experience: https://reactjs.org/link/react-devtools font-weight:bold @ webpack://@open-norantec/ui-libraries/./node_modules/react-dom/cjs/react-dom.development.js?:29890
[  186445ms] [INFO] [webpack-dev-server] Server started: Hot Module Replacement enabled, Live Reloading enabled, Progress disabled, Overlay enabled. @ webpack://@open-norantec/ui-libraries/./node_modules/webpack-dev-server/client/modules/logger/index.js?:599
[  186446ms] [LOG] [HMR] Waiting for update signal from WDS... @ webpack://@open-norantec/ui-libraries/./node_modules/webpack/hot/log.js?:38
[  186447ms] [INFO] %cDownload the React DevTools for a better development experience: https://reactjs.org/link/react-devtools font-weight:bold @ webpack://@open-norantec/ui-libraries/./node_modules/react-dom/cjs/react-dom.development.js?:29890
[  186520ms] [INFO] [webpack-dev-server] Server started: Hot Module Replacement enabled, Live Reloading enabled, Progress disabled, Overlay enabled. @ webpack://@open-norantec/ui-libraries/./node_modules/webpack-dev-server/client/modules/logger/index.js?:599
[  186520ms] [LOG] [HMR] Waiting for update signal from WDS... @ webpack://@open-norantec/ui-libraries/./node_modules/webpack/hot/log.js?:38
[  186522ms] [INFO] %cDownload the React DevTools for a better development experience: https://reactjs.org/link/react-devtools font-weight:bold @ webpack://@open-norantec/ui-libraries/./node_modules/react-dom/cjs/react-dom.development.js?:29890
[  186544ms] [INFO] [webpack-dev-server] Server started: Hot Module Replacement enabled, Live Reloading enabled, Progress disabled, Overlay enabled. @ webpack://@open-norantec/ui-libraries/./node_modules/webpack-dev-server/client/modules/logger/index.js?:599
[  186544ms] [LOG] [HMR] Waiting for update signal from WDS... @ webpack://@open-norantec/ui-libraries/./node_modules/webpack/hot/log.js?:38
[  186546ms] [INFO] %cDownload the React DevTools for a better development experience: https://reactjs.org/link/react-devtools font-weight:bold @ webpack://@open-norantec/ui-libraries/./node_modules/react-dom/cjs/react-dom.development.js?:29890
[  186597ms] [LOG] LENCONDA:4 undefined @ webpack://@open-norantec/ui-libraries/./src/demo.tsx?:76
[  186603ms] [LOG] LENCONDA:4 undefined @ webpack://@open-norantec/ui-libraries/./src/demo.tsx?:76
[  186607ms] [LOG] LENCONDA:4 undefined @ webpack://@open-norantec/ui-libraries/./src/demo.tsx?:76
[  186613ms] [ERROR] Warning: Unknown event handler property `%s`. It will be ignored.%s onFuckChange 
    at form
    at eval (webpack://@open-norantec/ui-libraries/./src/components/form/index.tsx?:237:14)
    at div
    at App (webpack://@open-norantec/ui-libraries/./src/demo.tsx?:71:74)
    at Provider (webpack://@open-norantec/ui-libraries/./src/utilities/component-provider-util.class.tsx?:120:25)
    at Provider (webpack://@open-norantec/ui-libraries/./src/utilities/component-provider-util.class.tsx?:120:25)
    at Provider (webpack://@open-norantec/ui-libraries/./src/utilities/component-provider-util.class.tsx?:120:25)
    at Provider (webpack://@open-norantec/ui-libraries/./src/utilities/component-provider-util.class.tsx?:120:25)
    at ProviderFactory (webpack://@open-norantec/ui-libraries/./src/components/provider-factory/index.tsx?:28:28) @ webpack://@open-norantec/ui-libraries/./node_modules/react-dom/cjs/react-dom.development.js?:85
[  186621ms] [LOG] LENCONDA:4 undefined @ webpack://@open-norantec/ui-libraries/./src/demo.tsx?:76
[  186624ms] [ERROR] Warning: Unknown event handler property `%s`. It will be ignored.%s onFuckChange 
    at form
    at eval (webpack://@open-norantec/ui-libraries/./src/components/form/index.tsx?:237:14)
    at div
    at App (webpack://@open-norantec/ui-libraries/./src/demo.tsx?:71:74)
    at Provider (webpack://@open-norantec/ui-libraries/./src/utilities/component-provider-util.class.tsx?:120:25)
    at Provider (webpack://@open-norantec/ui-libraries/./src/utilities/component-provider-util.class.tsx?:120:25)
    at Provider (webpack://@open-norantec/ui-libraries/./src/utilities/component-provider-util.class.tsx?:120:25)
    at Provider (webpack://@open-norantec/ui-libraries/./src/utilities/component-provider-util.class.tsx?:120:25)
    at ProviderFactory (webpack://@open-norantec/ui-libraries/./src/components/provider-factory/index.tsx?:28:28) @ webpack://@open-norantec/ui-libraries/./node_modules/react-dom/cjs/react-dom.development.js?:85
[  186633ms] [ERROR] Warning: Unknown event handler property `%s`. It will be ignored.%s onFuckChange 
    at form
    at eval (webpack://@open-norantec/ui-libraries/./src/components/form/index.tsx?:237:14)
    at div
    at App (webpack://@open-norantec/ui-libraries/./src/demo.tsx?:71:74)
    at Provider (webpack://@open-norantec/ui-libraries/./src/utilities/component-provider-util.class.tsx?:120:25)
    at Provider (webpack://@open-norantec/ui-libraries/./src/utilities/component-provider-util.class.tsx?:120:25)
    at Provider (webpack://@open-norantec/ui-libraries/./src/utilities/component-provider-util.class.tsx?:120:25)
    at Provider (webpack://@open-norantec/ui-libraries/./src/utilities/component-provider-util.class.tsx?:120:25)
    at ProviderFactory (webpack://@open-norantec/ui-libraries/./src/components/provider-factory/index.tsx?:28:28) @ webpack://@open-norantec/ui-libraries/./node_modules/react-dom/cjs/react-dom.development.js?:85
[  186636ms] [ERROR] Warning: Unknown event handler property `%s`. It will be ignored.%s onFuckChange 
    at form
    at eval (webpack://@open-norantec/ui-libraries/./src/components/form/index.tsx?:237:14)
    at div
    at App (webpack://@open-norantec/ui-libraries/./src/demo.tsx?:71:74)
    at Provider (webpack://@open-norantec/ui-libraries/./src/utilities/component-provider-util.class.tsx?:120:25)
    at Provider (webpack://@open-norantec/ui-libraries/./src/utilities/component-provider-util.class.tsx?:120:25)
    at Provider (webpack://@open-norantec/ui-libraries/./src/utilities/component-provider-util.class.tsx?:120:25)
    at Provider (webpack://@open-norantec/ui-libraries/./src/utilities/component-provider-util.class.tsx?:120:25)
    at ProviderFactory (webpack://@open-norantec/ui-libraries/./src/components/provider-factory/index.tsx?:28:28) @ webpack://@open-norantec/ui-libraries/./node_modules/react-dom/cjs/react-dom.development.js?:85
[  186643ms] [LOG] LENCONDA:FUCK:1 undefined undefined undefined @ webpack://@open-norantec/ui-libraries/./src/components/form/index.tsx?:694
[  186652ms] [LOG] LENCONDA:FUCK:1 undefined undefined undefined @ webpack://@open-norantec/ui-libraries/./src/components/form/index.tsx?:694
[  186657ms] [LOG] LENCONDA:FUCK:1 undefined undefined undefined @ webpack://@open-norantec/ui-libraries/./src/components/form/index.tsx?:694
[  186665ms] [LOG] LENCONDA:FUCK:1 undefined undefined undefined @ webpack://@open-norantec/ui-libraries/./src/components/form/index.tsx?:694
[  186690ms] [LOG] LENCONDA:FUCK:1 undefined 123 test1 @ webpack://@open-norantec/ui-libraries/./src/components/form/index.tsx?:694
[  186696ms] [LOG] LENCONDA:FUCK:1 undefined 123 test1 @ webpack://@open-norantec/ui-libraries/./src/components/form/index.tsx?:694
[  186701ms] [LOG] LENCONDA:FUCK:1 undefined 123 test1 @ webpack://@open-norantec/ui-libraries/./src/components/form/index.tsx?:694
[  186705ms] [LOG] LENCONDA:FUCK:1 undefined 123 test1 @ webpack://@open-norantec/ui-libraries/./src/components/form/index.tsx?:694
[  186722ms] [LOG] LENCONDA:FUCK:1 123 123 test1 @ webpack://@open-norantec/ui-libraries/./src/components/form/index.tsx?:694
[  191345ms] [INFO] [webpack-dev-server] App updated. Recompiling... @ webpack://@open-norantec/ui-libraries/./node_modules/webpack-dev-server/client/modules/logger/index.js?:599
[  191345ms] [INFO] [webpack-dev-server] App updated. Recompiling... @ webpack://@open-norantec/ui-libraries/./node_modules/webpack-dev-server/client/modules/logger/index.js?:599
[  191346ms] [INFO] [webpack-dev-server] App updated. Recompiling... @ webpack://@open-norantec/ui-libraries/./node_modules/webpack-dev-server/client/modules/logger/index.js?:599
[  191346ms] [INFO] [webpack-dev-server] App updated. Recompiling... @ webpack://@open-norantec/ui-libraries/./node_modules/webpack-dev-server/client/modules/logger/index.js?:599
[  191447ms] [INFO] [webpack-dev-server] App hot update... @ webpack://@open-norantec/ui-libraries/./node_modules/webpack-dev-server/client/modules/logger/index.js?:599
[  191448ms] [LOG] [HMR] Checking for updates on the server... @ webpack://@open-norantec/ui-libraries/./node_modules/webpack/hot/log.js?:38
[  191448ms] [INFO] [webpack-dev-server] App hot update... @ webpack://@open-norantec/ui-libraries/./node_modules/webpack-dev-server/client/modules/logger/index.js?:599
[  191448ms] [LOG] [HMR] Checking for updates on the server... @ webpack://@open-norantec/ui-libraries/./node_modules/webpack/hot/log.js?:38
[  191449ms] [INFO] [webpack-dev-server] App hot update... @ webpack://@open-norantec/ui-libraries/./node_modules/webpack-dev-server/client/modules/logger/index.js?:599
[  191449ms] [LOG] [HMR] Checking for updates on the server... @ webpack://@open-norantec/ui-libraries/./node_modules/webpack/hot/log.js?:38
[  191449ms] [INFO] [webpack-dev-server] App hot update... @ webpack://@open-norantec/ui-libraries/./node_modules/webpack-dev-server/client/modules/logger/index.js?:599
[  191449ms] [LOG] [HMR] Checking for updates on the server... @ webpack://@open-norantec/ui-libraries/./node_modules/webpack/hot/log.js?:38
[  191552ms] TypeError: Cannot set properties of undefined (setting './src/components/form/index.tsx')
    at self.webpackHotUpdate_open_norantec_ui_libraries (http://localhost:9000/demo.js:1348:39)
    at http://localhost:9000/demo.a60d6e8be618059f32d1.hot-update.js:10:52
[  191495ms] [WARNING] [HMR] Update failed: Loading hot update chunk demo failed.
(missing: http://localhost:9000/demo.a60d6e8be618059f32d1.hot-update.js)
ChunkLoadError
    at http://localhost:9000/demo.js:1328:26
    at new Promise (<anonymous>)
    at loadUpdateChunk (http://localhost:9000/demo.js:1323:20)
    at http://localhost:9000/demo.js:1790:29
    at Array.forEach (<anonymous>)
    at __webpack_require__.hmrC.jsonp (http://localhost:9000/demo.js:1785:22)
    at http://localhost:9000/demo.js:1158:47
    at Array.reduce (<anonymous>)
    at http://localhost:9000/demo.js:1154:55 @ webpack://@open-norantec/ui-libraries/./node_modules/webpack/hot/log.js?:40
[  191552ms] TypeError: Cannot set properties of undefined (setting './src/components/form/index.tsx')
    at self.webpackHotUpdate_open_norantec_ui_libraries (http://localhost:9000/demo.js:1348:39)
    at http://localhost:9000/demo.a60d6e8be618059f32d1.hot-update.js:10:52
[  191496ms] [WARNING] [HMR] Update failed: Loading hot update chunk demo failed.
(missing: http://localhost:9000/demo.a60d6e8be618059f32d1.hot-update.js)
ChunkLoadError
    at http://localhost:9000/demo.js:1328:26
    at new Promise (<anonymous>)
    at loadUpdateChunk (http://localhost:9000/demo.js:1323:20)
    at http://localhost:9000/demo.js:1790:29
    at Array.forEach (<anonymous>)
    at __webpack_require__.hmrC.jsonp (http://localhost:9000/demo.js:1785:22)
    at http://localhost:9000/demo.js:1158:47
    at Array.reduce (<anonymous>)
    at http://localhost:9000/demo.js:1154:55 @ webpack://@open-norantec/ui-libraries/./node_modules/webpack/hot/log.js?:40
[  191553ms] TypeError: Cannot set properties of undefined (setting './src/components/form/index.tsx')
    at self.webpackHotUpdate_open_norantec_ui_libraries (http://localhost:9000/demo.js:1348:39)
    at http://localhost:9000/demo.a60d6e8be618059f32d1.hot-update.js:10:52
[  191497ms] [WARNING] [HMR] Update failed: Loading hot update chunk demo failed.
(missing: http://localhost:9000/demo.a60d6e8be618059f32d1.hot-update.js)
ChunkLoadError
    at http://localhost:9000/demo.js:1328:26
    at new Promise (<anonymous>)
    at loadUpdateChunk (http://localhost:9000/demo.js:1323:20)
    at http://localhost:9000/demo.js:1790:29
    at Array.forEach (<anonymous>)
    at __webpack_require__.hmrC.jsonp (http://localhost:9000/demo.js:1785:22)
    at http://localhost:9000/demo.js:1158:47
    at Array.reduce (<anonymous>)
    at http://localhost:9000/demo.js:1154:55 @ webpack://@open-norantec/ui-libraries/./node_modules/webpack/hot/log.js?:40
[  191513ms] [WARNING] [HMR] Cannot apply update. Need to do a full reload! @ webpack://@open-norantec/ui-libraries/./node_modules/webpack/hot/log.js?:40
[  191513ms] [WARNING] [HMR] Error: Aborted because ./src/components/form/index.tsx is not accepted
Update propagation: ./src/components/form/index.tsx -> ./src/demo.tsx
    at applyHandler (http://localhost:9000/demo.js:1496:31)
    at http://localhost:9000/demo.js:1202:21
    at Array.map (<anonymous>)
    at internalApply (http://localhost:9000/demo.js:1201:54)
    at http://localhost:9000/demo.js:1172:26
    at waitForBlockingPromises (http://localhost:9000/demo.js:1126:48)
    at http://localhost:9000/demo.js:1170:24 @ webpack://@open-norantec/ui-libraries/./node_modules/webpack/hot/log.js?:40
[  192205ms] [INFO] [webpack-dev-server] Server started: Hot Module Replacement enabled, Live Reloading enabled, Progress disabled, Overlay enabled. @ webpack://@open-norantec/ui-libraries/./node_modules/webpack-dev-server/client/modules/logger/index.js?:599
[  192207ms] [LOG] [HMR] Waiting for update signal from WDS... @ webpack://@open-norantec/ui-libraries/./node_modules/webpack/hot/log.js?:38
[  192255ms] [INFO] %cDownload the React DevTools for a better development experience: https://reactjs.org/link/react-devtools font-weight:bold @ webpack://@open-norantec/ui-libraries/./node_modules/react-dom/cjs/react-dom.development.js?:29890
[  192376ms] [INFO] [webpack-dev-server] Server started: Hot Module Replacement enabled, Live Reloading enabled, Progress disabled, Overlay enabled. @ webpack://@open-norantec/ui-libraries/./node_modules/webpack-dev-server/client/modules/logger/index.js?:599
[  192377ms] [LOG] [HMR] Waiting for update signal from WDS... @ webpack://@open-norantec/ui-libraries/./node_modules/webpack/hot/log.js?:38
[  192378ms] [INFO] %cDownload the React DevTools for a better development experience: https://reactjs.org/link/react-devtools font-weight:bold @ webpack://@open-norantec/ui-libraries/./node_modules/react-dom/cjs/react-dom.development.js?:29890
[  192448ms] [INFO] [webpack-dev-server] Server started: Hot Module Replacement enabled, Live Reloading enabled, Progress disabled, Overlay enabled. @ webpack://@open-norantec/ui-libraries/./node_modules/webpack-dev-server/client/modules/logger/index.js?:599
[  192448ms] [LOG] [HMR] Waiting for update signal from WDS... @ webpack://@open-norantec/ui-libraries/./node_modules/webpack/hot/log.js?:38
[  192449ms] [INFO] %cDownload the React DevTools for a better development experience: https://reactjs.org/link/react-devtools font-weight:bold @ webpack://@open-norantec/ui-libraries/./node_modules/react-dom/cjs/react-dom.development.js?:29890
[  192460ms] [INFO] [webpack-dev-server] Server started: Hot Module Replacement enabled, Live Reloading enabled, Progress disabled, Overlay enabled. @ webpack://@open-norantec/ui-libraries/./node_modules/webpack-dev-server/client/modules/logger/index.js?:599
[  192461ms] [LOG] [HMR] Waiting for update signal from WDS... @ webpack://@open-norantec/ui-libraries/./node_modules/webpack/hot/log.js?:38
[  192462ms] [INFO] %cDownload the React DevTools for a better development experience: https://reactjs.org/link/react-devtools font-weight:bold @ webpack://@open-norantec/ui-libraries/./node_modules/react-dom/cjs/react-dom.development.js?:29890
[  192499ms] [LOG] LENCONDA:4 undefined @ webpack://@open-norantec/ui-libraries/./src/demo.tsx?:76
[  192502ms] [LOG] LENCONDA:4 undefined @ webpack://@open-norantec/ui-libraries/./src/demo.tsx?:76
[  192509ms] [ERROR] Warning: Unknown event handler property `%s`. It will be ignored.%s onFuckChange 
    at form
    at eval (webpack://@open-norantec/ui-libraries/./src/components/form/index.tsx?:237:14)
    at div
    at App (webpack://@open-norantec/ui-libraries/./src/demo.tsx?:71:74)
    at Provider (webpack://@open-norantec/ui-libraries/./src/utilities/component-provider-util.class.tsx?:120:25)
    at Provider (webpack://@open-norantec/ui-libraries/./src/utilities/component-provider-util.class.tsx?:120:25)
    at Provider (webpack://@open-norantec/ui-libraries/./src/utilities/component-provider-util.class.tsx?:120:25)
    at Provider (webpack://@open-norantec/ui-libraries/./src/utilities/component-provider-util.class.tsx?:120:25)
    at ProviderFactory (webpack://@open-norantec/ui-libraries/./src/components/provider-factory/index.tsx?:28:28) @ webpack://@open-norantec/ui-libraries/./node_modules/react-dom/cjs/react-dom.development.js?:85
[  192515ms] [LOG] LENCONDA:4 undefined @ webpack://@open-norantec/ui-libraries/./src/demo.tsx?:76
[  192517ms] [ERROR] Warning: Unknown event handler property `%s`. It will be ignored.%s onFuckChange 
    at form
    at eval (webpack://@open-norantec/ui-libraries/./src/components/form/index.tsx?:237:14)
    at div
    at App (webpack://@open-norantec/ui-libraries/./src/demo.tsx?:71:74)
    at Provider (webpack://@open-norantec/ui-libraries/./src/utilities/component-provider-util.class.tsx?:120:25)
    at Provider (webpack://@open-norantec/ui-libraries/./src/utilities/component-provider-util.class.tsx?:120:25)
    at Provider (webpack://@open-norantec/ui-libraries/./src/utilities/component-provider-util.class.tsx?:120:25)
    at Provider (webpack://@open-norantec/ui-libraries/./src/utilities/component-provider-util.class.tsx?:120:25)
    at ProviderFactory (webpack://@open-norantec/ui-libraries/./src/components/provider-factory/index.tsx?:28:28) @ webpack://@open-norantec/ui-libraries/./node_modules/react-dom/cjs/react-dom.development.js?:85
[  192519ms] [LOG] LENCONDA:4 undefined @ webpack://@open-norantec/ui-libraries/./src/demo.tsx?:76
[  192521ms] [ERROR] Warning: Unknown event handler property `%s`. It will be ignored.%s onFuckChange 
    at form
    at eval (webpack://@open-norantec/ui-libraries/./src/components/form/index.tsx?:237:14)
    at div
    at App (webpack://@open-norantec/ui-libraries/./src/demo.tsx?:71:74)
    at Provider (webpack://@open-norantec/ui-libraries/./src/utilities/component-provider-util.class.tsx?:120:25)
    at Provider (webpack://@open-norantec/ui-libraries/./src/utilities/component-provider-util.class.tsx?:120:25)
    at Provider (webpack://@open-norantec/ui-libraries/./src/utilities/component-provider-util.class.tsx?:120:25)
    at Provider (webpack://@open-norantec/ui-libraries/./src/utilities/component-provider-util.class.tsx?:120:25)
    at ProviderFactory (webpack://@open-norantec/ui-libraries/./src/components/provider-factory/index.tsx?:28:28) @ webpack://@open-norantec/ui-libraries/./node_modules/react-dom/cjs/react-dom.development.js?:85
[  192529ms] [ERROR] Warning: Unknown event handler property `%s`. It will be ignored.%s onFuckChange 
    at form
    at eval (webpack://@open-norantec/ui-libraries/./src/components/form/index.tsx?:237:14)
    at div
    at App (webpack://@open-norantec/ui-libraries/./src/demo.tsx?:71:74)
    at Provider (webpack://@open-norantec/ui-libraries/./src/utilities/component-provider-util.class.tsx?:120:25)
    at Provider (webpack://@open-norantec/ui-libraries/./src/utilities/component-provider-util.class.tsx?:120:25)
    at Provider (webpack://@open-norantec/ui-libraries/./src/utilities/component-provider-util.class.tsx?:120:25)
    at Provider (webpack://@open-norantec/ui-libraries/./src/utilities/component-provider-util.class.tsx?:120:25)
    at ProviderFactory (webpack://@open-norantec/ui-libraries/./src/components/provider-factory/index.tsx?:28:28) @ webpack://@open-norantec/ui-libraries/./node_modules/react-dom/cjs/react-dom.development.js?:85
[  196561ms] [INFO] [webpack-dev-server] App updated. Recompiling... @ webpack://@open-norantec/ui-libraries/./node_modules/webpack-dev-server/client/modules/logger/index.js?:599
[  196561ms] [INFO] [webpack-dev-server] App updated. Recompiling... @ webpack://@open-norantec/ui-libraries/./node_modules/webpack-dev-server/client/modules/logger/index.js?:599
[  196561ms] [INFO] [webpack-dev-server] App updated. Recompiling... @ webpack://@open-norantec/ui-libraries/./node_modules/webpack-dev-server/client/modules/logger/index.js?:599
[  196561ms] [INFO] [webpack-dev-server] App updated. Recompiling... @ webpack://@open-norantec/ui-libraries/./node_modules/webpack-dev-server/client/modules/logger/index.js?:599
[  196646ms] [INFO] [webpack-dev-server] App hot update... @ webpack://@open-norantec/ui-libraries/./node_modules/webpack-dev-server/client/modules/logger/index.js?:599
[  196647ms] [LOG] [HMR] Checking for updates on the server... @ webpack://@open-norantec/ui-libraries/./node_modules/webpack/hot/log.js?:38
[  196647ms] [INFO] [webpack-dev-server] App hot update... @ webpack://@open-norantec/ui-libraries/./node_modules/webpack-dev-server/client/modules/logger/index.js?:599
[  196648ms] [LOG] [HMR] Checking for updates on the server... @ webpack://@open-norantec/ui-libraries/./node_modules/webpack/hot/log.js?:38
[  196648ms] [INFO] [webpack-dev-server] App hot update... @ webpack://@open-norantec/ui-libraries/./node_modules/webpack-dev-server/client/modules/logger/index.js?:599
[  196648ms] [LOG] [HMR] Checking for updates on the server... @ webpack://@open-norantec/ui-libraries/./node_modules/webpack/hot/log.js?:38
[  196648ms] [INFO] [webpack-dev-server] App hot update... @ webpack://@open-norantec/ui-libraries/./node_modules/webpack-dev-server/client/modules/logger/index.js?:599
[  196649ms] [LOG] [HMR] Checking for updates on the server... @ webpack://@open-norantec/ui-libraries/./node_modules/webpack/hot/log.js?:38
[  196743ms] TypeError: Cannot set properties of undefined (setting './src/demo.tsx')
    at self.webpackHotUpdate_open_norantec_ui_libraries (http://localhost:9000/demo.js:1348:39)
    at http://localhost:9000/demo.80dc0000af12de5a029f.hot-update.js:10:52
[  196695ms] [WARNING] [HMR] Update failed: Loading hot update chunk demo failed.
(missing: http://localhost:9000/demo.80dc0000af12de5a029f.hot-update.js)
ChunkLoadError
    at http://localhost:9000/demo.js:1328:26
    at new Promise (<anonymous>)
    at loadUpdateChunk (http://localhost:9000/demo.js:1323:20)
    at http://localhost:9000/demo.js:1790:29
    at Array.forEach (<anonymous>)
    at __webpack_require__.hmrC.jsonp (http://localhost:9000/demo.js:1785:22)
    at http://localhost:9000/demo.js:1158:47
    at Array.reduce (<anonymous>)
    at http://localhost:9000/demo.js:1154:55 @ webpack://@open-norantec/ui-libraries/./node_modules/webpack/hot/log.js?:40
[  196744ms] TypeError: Cannot set properties of undefined (setting './src/demo.tsx')
    at self.webpackHotUpdate_open_norantec_ui_libraries (http://localhost:9000/demo.js:1348:39)
    at http://localhost:9000/demo.80dc0000af12de5a029f.hot-update.js:10:52
[  196696ms] [WARNING] [HMR] Update failed: Loading hot update chunk demo failed.
(missing: http://localhost:9000/demo.80dc0000af12de5a029f.hot-update.js)
ChunkLoadError
    at http://localhost:9000/demo.js:1328:26
    at new Promise (<anonymous>)
    at loadUpdateChunk (http://localhost:9000/demo.js:1323:20)
    at http://localhost:9000/demo.js:1790:29
    at Array.forEach (<anonymous>)
    at __webpack_require__.hmrC.jsonp (http://localhost:9000/demo.js:1785:22)
    at http://localhost:9000/demo.js:1158:47
    at Array.reduce (<anonymous>)
    at http://localhost:9000/demo.js:1154:55 @ webpack://@open-norantec/ui-libraries/./node_modules/webpack/hot/log.js?:40
[  196706ms] [WARNING] [HMR] Cannot apply update. Need to do a full reload! @ webpack://@open-norantec/ui-libraries/./node_modules/webpack/hot/log.js?:40
[  196706ms] [WARNING] [HMR] Error: Aborted because ./src/demo.tsx is not accepted
Update propagation: ./src/demo.tsx
    at applyHandler (http://localhost:9000/demo.js:1496:31)
    at http://localhost:9000/demo.js:1202:21
    at Array.map (<anonymous>)
    at internalApply (http://localhost:9000/demo.js:1201:54)
    at http://localhost:9000/demo.js:1172:26
    at waitForBlockingPromises (http://localhost:9000/demo.js:1126:48)
    at http://localhost:9000/demo.js:1170:24 @ webpack://@open-norantec/ui-libraries/./node_modules/webpack/hot/log.js?:40
[  196707ms] [WARNING] [HMR] Update failed: Loading hot update chunk demo failed.
(missing: http://localhost:9000/demo.80dc0000af12de5a029f.hot-update.js)
ChunkLoadError
    at http://localhost:9000/demo.js:1328:26
    at new Promise (<anonymous>)
    at loadUpdateChunk (http://localhost:9000/demo.js:1323:20)
    at http://localhost:9000/demo.js:1790:29
    at Array.forEach (<anonymous>)
    at __webpack_require__.hmrC.jsonp (http://localhost:9000/demo.js:1785:22)
    at http://localhost:9000/demo.js:1158:47
    at Array.reduce (<anonymous>)
    at http://localhost:9000/demo.js:1154:55 @ webpack://@open-norantec/ui-libraries/./node_modules/webpack/hot/log.js?:40
[  197461ms] [INFO] [webpack-dev-server] Server started: Hot Module Replacement enabled, Live Reloading enabled, Progress disabled, Overlay enabled. @ webpack://@open-norantec/ui-libraries/./node_modules/webpack-dev-server/client/modules/logger/index.js?:599
[  197463ms] [LOG] [HMR] Waiting for update signal from WDS... @ webpack://@open-norantec/ui-libraries/./node_modules/webpack/hot/log.js?:38
[  197511ms] [INFO] %cDownload the React DevTools for a better development experience: https://reactjs.org/link/react-devtools font-weight:bold @ webpack://@open-norantec/ui-libraries/./node_modules/react-dom/cjs/react-dom.development.js?:29890
[  197643ms] [INFO] [webpack-dev-server] Server started: Hot Module Replacement enabled, Live Reloading enabled, Progress disabled, Overlay enabled. @ webpack://@open-norantec/ui-libraries/./node_modules/webpack-dev-server/client/modules/logger/index.js?:599
[  197643ms] [LOG] [HMR] Waiting for update signal from WDS... @ webpack://@open-norantec/ui-libraries/./node_modules/webpack/hot/log.js?:38
[  197645ms] [INFO] %cDownload the React DevTools for a better development experience: https://reactjs.org/link/react-devtools font-weight:bold @ webpack://@open-norantec/ui-libraries/./node_modules/react-dom/cjs/react-dom.development.js?:29890
[  197712ms] [INFO] [webpack-dev-server] Server started: Hot Module Replacement enabled, Live Reloading enabled, Progress disabled, Overlay enabled. @ webpack://@open-norantec/ui-libraries/./node_modules/webpack-dev-server/client/modules/logger/index.js?:599
[  197713ms] [LOG] [HMR] Waiting for update signal from WDS... @ webpack://@open-norantec/ui-libraries/./node_modules/webpack/hot/log.js?:38
[  197714ms] [INFO] %cDownload the React DevTools for a better development experience: https://reactjs.org/link/react-devtools font-weight:bold @ webpack://@open-norantec/ui-libraries/./node_modules/react-dom/cjs/react-dom.development.js?:29890
[  197726ms] [INFO] [webpack-dev-server] Server started: Hot Module Replacement enabled, Live Reloading enabled, Progress disabled, Overlay enabled. @ webpack://@open-norantec/ui-libraries/./node_modules/webpack-dev-server/client/modules/logger/index.js?:599
[  197727ms] [LOG] [HMR] Waiting for update signal from WDS... @ webpack://@open-norantec/ui-libraries/./node_modules/webpack/hot/log.js?:38
[  197728ms] [INFO] %cDownload the React DevTools for a better development experience: https://reactjs.org/link/react-devtools font-weight:bold @ webpack://@open-norantec/ui-libraries/./node_modules/react-dom/cjs/react-dom.development.js?:29890
[  197764ms] [LOG] LENCONDA:4 undefined @ webpack://@open-norantec/ui-libraries/./src/demo.tsx?:76
[  197768ms] [LOG] LENCONDA:4 undefined @ webpack://@open-norantec/ui-libraries/./src/demo.tsx?:76
[  197776ms] [LOG] LENCONDA:4 undefined @ webpack://@open-norantec/ui-libraries/./src/demo.tsx?:76
[  197780ms] [LOG] LENCONDA:4 undefined @ webpack://@open-norantec/ui-libraries/./src/demo.tsx?:76
[  197828ms] [LOG] LENCONDA:DEMO:onChange {test1: 123} @ webpack://@open-norantec/ui-libraries/./src/demo.tsx?:84
[  197834ms] [LOG] LENCONDA:DEMO:onChange {test1: 123} @ webpack://@open-norantec/ui-libraries/./src/demo.tsx?:84
[  197842ms] [LOG] LENCONDA:DEMO:onChange {test1: 123} @ webpack://@open-norantec/ui-libraries/./src/demo.tsx?:84
[  197851ms] [LOG] LENCONDA:DEMO:onChange {test1: 123} @ webpack://@open-norantec/ui-libraries/./src/demo.tsx?:84
[  211977ms] [INFO] [webpack-dev-server] App updated. Recompiling... @ webpack://@open-norantec/ui-libraries/./node_modules/webpack-dev-server/client/modules/logger/index.js?:599
[  211978ms] [INFO] [webpack-dev-server] App updated. Recompiling... @ webpack://@open-norantec/ui-libraries/./node_modules/webpack-dev-server/client/modules/logger/index.js?:599
[  211978ms] [INFO] [webpack-dev-server] App updated. Recompiling... @ webpack://@open-norantec/ui-libraries/./node_modules/webpack-dev-server/client/modules/logger/index.js?:599
[  211978ms] [INFO] [webpack-dev-server] App updated. Recompiling... @ webpack://@open-norantec/ui-libraries/./node_modules/webpack-dev-server/client/modules/logger/index.js?:599
[  212122ms] [INFO] [webpack-dev-server] App hot update... @ webpack://@open-norantec/ui-libraries/./node_modules/webpack-dev-server/client/modules/logger/index.js?:599
[  212123ms] [LOG] [HMR] Checking for updates on the server... @ webpack://@open-norantec/ui-libraries/./node_modules/webpack/hot/log.js?:38
[  212123ms] [INFO] [webpack-dev-server] App hot update... @ webpack://@open-norantec/ui-libraries/./node_modules/webpack-dev-server/client/modules/logger/index.js?:599
[  212123ms] [LOG] [HMR] Checking for updates on the server... @ webpack://@open-norantec/ui-libraries/./node_modules/webpack/hot/log.js?:38
[  212124ms] [INFO] [webpack-dev-server] App hot update... @ webpack://@open-norantec/ui-libraries/./node_modules/webpack-dev-server/client/modules/logger/index.js?:599
[  212124ms] [LOG] [HMR] Checking for updates on the server... @ webpack://@open-norantec/ui-libraries/./node_modules/webpack/hot/log.js?:38
[  212124ms] [INFO] [webpack-dev-server] App hot update... @ webpack://@open-norantec/ui-libraries/./node_modules/webpack-dev-server/client/modules/logger/index.js?:599
[  212125ms] [LOG] [HMR] Checking for updates on the server... @ webpack://@open-norantec/ui-libraries/./node_modules/webpack/hot/log.js?:38
[  212241ms] TypeError: Cannot set properties of undefined (setting './src/components/form/index.tsx')
    at self.webpackHotUpdate_open_norantec_ui_libraries (http://localhost:9000/demo.js:1348:39)
    at http://localhost:9000/demo.bc7dda0003fe307a19d5.hot-update.js:10:52
[  212179ms] [WARNING] [HMR] Update failed: Loading hot update chunk demo failed.
(missing: http://localhost:9000/demo.bc7dda0003fe307a19d5.hot-update.js)
ChunkLoadError
    at http://localhost:9000/demo.js:1328:26
    at new Promise (<anonymous>)
    at loadUpdateChunk (http://localhost:9000/demo.js:1323:20)
    at http://localhost:9000/demo.js:1790:29
    at Array.forEach (<anonymous>)
    at __webpack_require__.hmrC.jsonp (http://localhost:9000/demo.js:1785:22)
    at http://localhost:9000/demo.js:1158:47
    at Array.reduce (<anonymous>)
    at http://localhost:9000/demo.js:1154:55 @ webpack://@open-norantec/ui-libraries/./node_modules/webpack/hot/log.js?:40
[  212242ms] TypeError: Cannot set properties of undefined (setting './src/components/form/index.tsx')
    at self.webpackHotUpdate_open_norantec_ui_libraries (http://localhost:9000/demo.js:1348:39)
    at http://localhost:9000/demo.bc7dda0003fe307a19d5.hot-update.js:10:52
[  212180ms] [WARNING] [HMR] Update failed: Loading hot update chunk demo failed.
(missing: http://localhost:9000/demo.bc7dda0003fe307a19d5.hot-update.js)
ChunkLoadError
    at http://localhost:9000/demo.js:1328:26
    at new Promise (<anonymous>)
    at loadUpdateChunk (http://localhost:9000/demo.js:1323:20)
    at http://localhost:9000/demo.js:1790:29
    at Array.forEach (<anonymous>)
    at __webpack_require__.hmrC.jsonp (http://localhost:9000/demo.js:1785:22)
    at http://localhost:9000/demo.js:1158:47
    at Array.reduce (<anonymous>)
    at http://localhost:9000/demo.js:1154:55 @ webpack://@open-norantec/ui-libraries/./node_modules/webpack/hot/log.js?:40
[  212243ms] TypeError: Cannot set properties of undefined (setting './src/components/form/index.tsx')
    at self.webpackHotUpdate_open_norantec_ui_libraries (http://localhost:9000/demo.js:1348:39)
    at http://localhost:9000/demo.bc7dda0003fe307a19d5.hot-update.js:10:52
[  212181ms] [WARNING] [HMR] Update failed: Loading hot update chunk demo failed.
(missing: http://localhost:9000/demo.bc7dda0003fe307a19d5.hot-update.js)
ChunkLoadError
    at http://localhost:9000/demo.js:1328:26
    at new Promise (<anonymous>)
    at loadUpdateChunk (http://localhost:9000/demo.js:1323:20)
    at http://localhost:9000/demo.js:1790:29
    at Array.forEach (<anonymous>)
    at __webpack_require__.hmrC.jsonp (http://localhost:9000/demo.js:1785:22)
    at http://localhost:9000/demo.js:1158:47
    at Array.reduce (<anonymous>)
    at http://localhost:9000/demo.js:1154:55 @ webpack://@open-norantec/ui-libraries/./node_modules/webpack/hot/log.js?:40
[  212194ms] [WARNING] [HMR] Cannot apply update. Need to do a full reload! @ webpack://@open-norantec/ui-libraries/./node_modules/webpack/hot/log.js?:40
[  212194ms] [WARNING] [HMR] Error: Aborted because ./src/components/form/index.tsx is not accepted
Update propagation: ./src/components/form/index.tsx -> ./src/demo.tsx
    at applyHandler (http://localhost:9000/demo.js:1496:31)
    at http://localhost:9000/demo.js:1202:21
    at Array.map (<anonymous>)
    at internalApply (http://localhost:9000/demo.js:1201:54)
    at http://localhost:9000/demo.js:1172:26
    at waitForBlockingPromises (http://localhost:9000/demo.js:1126:48)
    at http://localhost:9000/demo.js:1170:24 @ webpack://@open-norantec/ui-libraries/./node_modules/webpack/hot/log.js?:40
[  213017ms] [INFO] [webpack-dev-server] Server started: Hot Module Replacement enabled, Live Reloading enabled, Progress disabled, Overlay enabled. @ webpack://@open-norantec/ui-libraries/./node_modules/webpack-dev-server/client/modules/logger/index.js?:599
[  213019ms] [LOG] [HMR] Waiting for update signal from WDS... @ webpack://@open-norantec/ui-libraries/./node_modules/webpack/hot/log.js?:38
[  213065ms] [INFO] %cDownload the React DevTools for a better development experience: https://reactjs.org/link/react-devtools font-weight:bold @ webpack://@open-norantec/ui-libraries/./node_modules/react-dom/cjs/react-dom.development.js?:29890
[  213189ms] [INFO] [webpack-dev-server] Server started: Hot Module Replacement enabled, Live Reloading enabled, Progress disabled, Overlay enabled. @ webpack://@open-norantec/ui-libraries/./node_modules/webpack-dev-server/client/modules/logger/index.js?:599
[  213189ms] [LOG] [HMR] Waiting for update signal from WDS... @ webpack://@open-norantec/ui-libraries/./node_modules/webpack/hot/log.js?:38
[  213190ms] [INFO] %cDownload the React DevTools for a better development experience: https://reactjs.org/link/react-devtools font-weight:bold @ webpack://@open-norantec/ui-libraries/./node_modules/react-dom/cjs/react-dom.development.js?:29890
[  213262ms] [INFO] [webpack-dev-server] Server started: Hot Module Replacement enabled, Live Reloading enabled, Progress disabled, Overlay enabled. @ webpack://@open-norantec/ui-libraries/./node_modules/webpack-dev-server/client/modules/logger/index.js?:599
[  213262ms] [LOG] [HMR] Waiting for update signal from WDS... @ webpack://@open-norantec/ui-libraries/./node_modules/webpack/hot/log.js?:38
[  213264ms] [INFO] %cDownload the React DevTools for a better development experience: https://reactjs.org/link/react-devtools font-weight:bold @ webpack://@open-norantec/ui-libraries/./node_modules/react-dom/cjs/react-dom.development.js?:29890
[  213278ms] [INFO] [webpack-dev-server] Server started: Hot Module Replacement enabled, Live Reloading enabled, Progress disabled, Overlay enabled. @ webpack://@open-norantec/ui-libraries/./node_modules/webpack-dev-server/client/modules/logger/index.js?:599
[  213279ms] [LOG] [HMR] Waiting for update signal from WDS... @ webpack://@open-norantec/ui-libraries/./node_modules/webpack/hot/log.js?:38
[  213280ms] [INFO] %cDownload the React DevTools for a better development experience: https://reactjs.org/link/react-devtools font-weight:bold @ webpack://@open-norantec/ui-libraries/./node_modules/react-dom/cjs/react-dom.development.js?:29890
